Archive member included to satisfy reference by file (symbol)

c:/10 2021.10/bin/../lib/gcc/arm-none-eabi/10.3.1/thumb/v6-m/nofp\libgcc.a(_dvmd_tls.o)
                              CMakeFiles/rp2040-freertos-template.dir/F_/pico/pico-sdk/src/rp2_common/pico_divider/divider.S.obj (__aeabi_idiv0)
c:/10 2021.10/bin/../lib/gcc/arm-none-eabi/10.3.1/../../../../arm-none-eabi/lib/thumb/v6-m/nofp\libg.a(lib_a-calloc.o)
                              CMakeFiles/rp2040-freertos-template.dir/F_/pico/pico-sdk/src/rp2_common/pico_malloc/pico_malloc.c.obj (calloc)
c:/10 2021.10/bin/../lib/gcc/arm-none-eabi/10.3.1/../../../../arm-none-eabi/lib/thumb/v6-m/nofp\libg.a(lib_a-callocr.o)
                              c:/10 2021.10/bin/../lib/gcc/arm-none-eabi/10.3.1/../../../../arm-none-eabi/lib/thumb/v6-m/nofp\libg.a(lib_a-calloc.o) (_calloc_r)
c:/10 2021.10/bin/../lib/gcc/arm-none-eabi/10.3.1/../../../../arm-none-eabi/lib/thumb/v6-m/nofp\libg.a(lib_a-errno.o)
                              c:/10 2021.10/bin/../lib/gcc/arm-none-eabi/10.3.1/../../../../arm-none-eabi/lib/thumb/v6-m/nofp\libg.a(lib_a-callocr.o) (__errno)
c:/10 2021.10/bin/../lib/gcc/arm-none-eabi/10.3.1/../../../../arm-none-eabi/lib/thumb/v6-m/nofp\libg.a(lib_a-impure.o)
                              c:/10 2021.10/bin/../lib/gcc/arm-none-eabi/10.3.1/../../../../arm-none-eabi/lib/thumb/v6-m/nofp\libg.a(lib_a-calloc.o) (_impure_ptr)
c:/10 2021.10/bin/../lib/gcc/arm-none-eabi/10.3.1/../../../../arm-none-eabi/lib/thumb/v6-m/nofp\libg.a(lib_a-init.o)
                              c:/10 2021.10/bin/../lib/gcc/arm-none-eabi/10.3.1/../../../../arm-none-eabi/lib/thumb/v6-m/nofp/crt0.o (__libc_init_array)
c:/10 2021.10/bin/../lib/gcc/arm-none-eabi/10.3.1/../../../../arm-none-eabi/lib/thumb/v6-m/nofp\libg.a(lib_a-malloc.o)
                              CMakeFiles/rp2040-freertos-template.dir/F_/pico/pico-sdk/src/rp2_common/pico_malloc/pico_malloc.c.obj (malloc)
c:/10 2021.10/bin/../lib/gcc/arm-none-eabi/10.3.1/../../../../arm-none-eabi/lib/thumb/v6-m/nofp\libg.a(lib_a-mallocr.o)
                              c:/10 2021.10/bin/../lib/gcc/arm-none-eabi/10.3.1/../../../../arm-none-eabi/lib/thumb/v6-m/nofp\libg.a(lib_a-callocr.o) (_malloc_r)
c:/10 2021.10/bin/../lib/gcc/arm-none-eabi/10.3.1/../../../../arm-none-eabi/lib/thumb/v6-m/nofp\libg.a(lib_a-memcmp.o)
                              CMakeFiles/rp2040-freertos-template.dir/F_/pico/pico-sdk/lib/cyw43-driver/src/cyw43_ll.c.obj (memcmp)
c:/10 2021.10/bin/../lib/gcc/arm-none-eabi/10.3.1/../../../../arm-none-eabi/lib/thumb/v6-m/nofp\libg.a(lib_a-memmove.o)
                              CMakeFiles/rp2040-freertos-template.dir/F_/pico/pico-sdk/lib/cyw43-driver/src/cyw43_ll.c.obj (memmove)
c:/10 2021.10/bin/../lib/gcc/arm-none-eabi/10.3.1/../../../../arm-none-eabi/lib/thumb/v6-m/nofp\libg.a(lib_a-mlock.o)
                              c:/10 2021.10/bin/../lib/gcc/arm-none-eabi/10.3.1/../../../../arm-none-eabi/lib/thumb/v6-m/nofp\libg.a(lib_a-mallocr.o) (__malloc_lock)
c:/10 2021.10/bin/../lib/gcc/arm-none-eabi/10.3.1/../../../../arm-none-eabi/lib/thumb/v6-m/nofp\libg.a(lib_a-realloc.o)
                              CMakeFiles/rp2040-freertos-template.dir/F_/pico/pico-sdk/src/rp2_common/pico_malloc/pico_malloc.c.obj (realloc)
c:/10 2021.10/bin/../lib/gcc/arm-none-eabi/10.3.1/../../../../arm-none-eabi/lib/thumb/v6-m/nofp\libg.a(lib_a-reallocr.o)
                              c:/10 2021.10/bin/../lib/gcc/arm-none-eabi/10.3.1/../../../../arm-none-eabi/lib/thumb/v6-m/nofp\libg.a(lib_a-realloc.o) (_realloc_r)
c:/10 2021.10/bin/../lib/gcc/arm-none-eabi/10.3.1/../../../../arm-none-eabi/lib/thumb/v6-m/nofp\libg.a(lib_a-sbrkr.o)
                              c:/10 2021.10/bin/../lib/gcc/arm-none-eabi/10.3.1/../../../../arm-none-eabi/lib/thumb/v6-m/nofp\libg.a(lib_a-mallocr.o) (_sbrk_r)
c:/10 2021.10/bin/../lib/gcc/arm-none-eabi/10.3.1/../../../../arm-none-eabi/lib/thumb/v6-m/nofp\libg.a(lib_a-strlen-stub.o)
                              CMakeFiles/rp2040-freertos-template.dir/F_/pico/pico-sdk/src/rp2_common/pico_stdio/stdio.c.obj (strlen)
c:/10 2021.10/bin/../lib/gcc/arm-none-eabi/10.3.1/../../../../arm-none-eabi/lib/thumb/v6-m/nofp\libg.a(lib_a-strncmp.o)
                              CMakeFiles/rp2040-freertos-template.dir/F_/pico/pico-sdk/lib/cyw43-driver/src/cyw43_ll.c.obj (strncmp)
c:/10 2021.10/bin/../lib/gcc/arm-none-eabi/10.3.1/../../../../arm-none-eabi/lib/thumb/v6-m/nofp\libg.a(lib_a-freer.o)
                              c:/10 2021.10/bin/../lib/gcc/arm-none-eabi/10.3.1/../../../../arm-none-eabi/lib/thumb/v6-m/nofp\libg.a(lib_a-malloc.o) (_free_r)
c:/10 2021.10/bin/../lib/gcc/arm-none-eabi/10.3.1/../../../../arm-none-eabi/lib/thumb/v6-m/nofp\libg.a(lib_a-lock.o)
                              c:/10 2021.10/bin/../lib/gcc/arm-none-eabi/10.3.1/../../../../arm-none-eabi/lib/thumb/v6-m/nofp\libg.a(lib_a-mlock.o) (__retarget_lock_acquire_recursive)
[...]
Memory Configuration

Name             Origin             Length             Attributes
FLASH            0x10000000         0x00200000         xr
RAM              0x20000000         0x00040000         xrw
SCRATCH_X        0x20040000         0x00001000         xrw
SCRATCH_Y        0x20041000         0x00001000         xrw
*default*        0x00000000         0xffffffff

Linker script and memory map

LOAD c:/10 2021.10/bin/../lib/gcc/arm-none-eabi/10.3.1/thumb/v6-m/nofp/crti.o
LOAD c:/10 2021.10/bin/../lib/gcc/arm-none-eabi/10.3.1/thumb/v6-m/nofp/crtbegin.o
LOAD c:/10 2021.10/bin/../lib/gcc/arm-none-eabi/10.3.1/../../../../arm-none-eabi/lib/thumb/v6-m/nofp/crt0.o

.flash_begin    0x10000000        0x0
                0x10000000                __flash_binary_start = .

.boot2          0x10000000      0x100
                0x10000000                __boot2_start__ = .
 *(.boot2)
 .boot2         0x10000000      0x100 C:\Users\pc\AppData\Local\Temp\cc0KOETG.o
                0x10000100                __boot2_end__ = .
                0x00000001                ASSERT (((__boot2_end__ - __boot2_start__) == 0x100), ERROR: Pico second stage bootloader must be 256 bytes in size)

.text           0x10000100     0xd3a8
                0x10000100                __logical_binary_start = .
 *(.vectors)
 .vectors       0x10000100       0xd4 CMakeFiles/rp2040-freertos-template.dir/F_/pico/pico-sdk/src/rp2_common/pico_standard_link/crt0.S.obj
                0x10000100                __VECTOR_TABLE
                0x10000100                __vectors
                0x100001c0                isr_invalid
                0x100001c0                __default_isrs_start
                0x100001c2                isr_nmi
                0x100001c4                isr_hardfault
                0x100001c6                isr_svcall
                0x100001c8                isr_pendsv
                0x100001ca                isr_systick
                0x100001cc                isr_irq23
                0x100001cc                isr_irq18
                0x100001cc                isr_irq11
                0x100001cc                isr_irq28
                0x100001cc                isr_irq19
                0x100001cc                isr_irq0
                0x100001cc                isr_irq6
                0x100001cc                isr_irq5
                0x100001cc                isr_irq12
                0x100001cc                isr_irq22
                0x100001cc                isr_irq31
                0x100001cc                isr_irq17
                0x100001cc                isr_irq27
                0x100001cc                isr_irq30
                0x100001cc                isr_irq2
                0x100001cc                isr_irq10
                0x100001cc                isr_irq8
                0x100001cc                isr_irq24
                0x100001cc                isr_irq1
                0x100001cc                isr_irq7
                0x100001cc                isr_irq21
                0x100001cc                isr_irq20
                0x100001cc                isr_irq15
                0x100001cc                isr_irq25
                0x100001cc                isr_irq13
                0x100001cc                __unhandled_user_irq
                0x100001cc                isr_irq4
                0x100001cc                isr_irq16
                0x100001cc                isr_irq29
                0x100001cc                isr_irq26
                0x100001cc                __default_isrs_end
                0x100001cc                isr_irq3
                0x100001cc                isr_irq14
                0x100001cc                isr_irq9
                0x100001d2                unhandled_user_irq_num_in_r0
 *(.binary_info_header)
 .binary_info_header
                0x100001d4       0x14 CMakeFiles/rp2040-freertos-template.dir/F_/pico/pico-sdk/src/rp2_common/pico_standard_link/crt0.S.obj
                0x100001e8                __binary_info_header_end = .
 *(.reset)
 .reset         0x100001e8       0xa0 CMakeFiles/rp2040-freertos-template.dir/F_/pico/pico-sdk/src/rp2_common/pico_standard_link/crt0.S.obj
                0x100001e8                _entry_point
 .reset         0x10000288       0x30 CMakeFiles/rp2040-freertos-template.dir/F_/pico/pico-sdk/src/rp2_common/pico_standard_link/binary_info.c.obj
 *(.init)
 .init          0x100002b8        0x4 c:/10 2021.10/bin/../lib/gcc/arm-none-eabi/10.3.1/thumb/v6-m/nofp/crti.o
                0x100002b8                _init
 *(EXCLUDE_FILE(*libm.a: *libc.a:*lib_a-mem*.o *libgcc.a:) .text*)
 .text          0x100002bc       0x48 c:/10 2021.10/bin/../lib/gcc/arm-none-eabi/10.3.1/thumb/v6-m/nofp/crtbegin.o
 .text.led_task
                0x10000304       0x64 CMakeFiles/rp2040-freertos-template.dir/main.c.obj
                0x10000304                led_task
 .text.usb_task
                0x10000368       0x34 CMakeFiles/rp2040-freertos-template.dir/main.c.obj
                0x10000368                usb_task
 .text.main     0x1000039c       0x58 CMakeFiles/rp2040-freertos-template.dir/main.c.obj
                0x1000039c                main
 .text.gpio_set_function
                0x100003f4       0x30 CMakeFiles/rp2040-freertos-template.dir/F_/pico/pico-sdk/src/rp2_common/hardware_gpio/gpio.c.obj
                0x100003f4                gpio_set_function
 .text.gpio_set_pulls
                0x10000424       0x34 CMakeFiles/rp2040-freertos-template.dir/F_/pico/pico-sdk/src/rp2_common/hardware_gpio/gpio.c.obj
                0x10000424                gpio_set_pulls
 .text.gpio_set_input_hysteresis_enabled
                0x10000458       0x30 CMakeFiles/rp2040-freertos-template.dir/F_/pico/pico-sdk/src/rp2_common/hardware_gpio/gpio.c.obj
                0x10000458                gpio_set_input_hysteresis_enabled
 .text.gpio_add_raw_irq_handler_with_order_priority_masked
                0x10000488       0x40 CMakeFiles/rp2040-freertos-template.dir/F_/pico/pico-sdk/src/rp2_common/hardware_gpio/gpio.c.obj
                0x10000488                gpio_add_raw_irq_handler_with_order_priority_masked
 .text.gpio_remove_raw_irq_handler_masked
                0x100004c8       0x48 CMakeFiles/rp2040-freertos-template.dir/F_/pico/pico-sdk/src/rp2_common/hardware_gpio/gpio.c.obj
                0x100004c8                gpio_remove_raw_irq_handler_masked
 .text.gpio_acknowledge_irq
                0x10000510       0x18 CMakeFiles/rp2040-freertos-template.dir/F_/pico/pico-sdk/src/rp2_common/hardware_gpio/gpio.c.obj
                0x10000510                gpio_acknowledge_irq
 .text._gpio_set_irq_enabled
                0x10000528       0x34 CMakeFiles/rp2040-freertos-template.dir/F_/pico/pico-sdk/src/rp2_common/hardware_gpio/gpio.c.obj
 .text.gpio_set_irq_enabled
                0x1000055c       0x20 CMakeFiles/rp2040-freertos-template.dir/F_/pico/pico-sdk/src/rp2_common/hardware_gpio/gpio.c.obj
                0x1000055c                gpio_set_irq_enabled
 .text.gpio_init
                0x1000057c       0x16 CMakeFiles/rp2040-freertos-template.dir/F_/pico/pico-sdk/src/rp2_common/hardware_gpio/gpio.c.obj
                0x1000057c                gpio_init
 *fill*         0x10000592        0x2 
 .text.running_on_fpga
                0x10000594       0x14 CMakeFiles/rp2040-freertos-template.dir/F_/pico/pico-sdk/src/rp2_common/pico_platform/platform.c.obj
                0x10000594                running_on_fpga
 .text.hw_claim_lock
                0x100005a8       0x18 CMakeFiles/rp2040-freertos-template.dir/F_/pico/pico-sdk/src/rp2_common/hardware_claim/claim.c.obj
                0x100005a8                hw_claim_lock
 .text.hw_claim_unlock
                0x100005c0       0x14 CMakeFiles/rp2040-freertos-template.dir/F_/pico/pico-sdk/src/rp2_common/hardware_claim/claim.c.obj
                0x100005c0                hw_claim_unlock
 .text.hw_claim_or_assert
                0x100005d4       0x32 CMakeFiles/rp2040-freertos-template.dir/F_/pico/pico-sdk/src/rp2_common/hardware_claim/claim.c.obj
                0x100005d4                hw_claim_or_assert
 .text.hw_claim_unused_from_range
                0x10000606       0x50 CMakeFiles/rp2040-freertos-template.dir/F_/pico/pico-sdk/src/rp2_common/hardware_claim/claim.c.obj
                0x10000606                hw_claim_unused_from_range
 *fill*         0x10000656        0x2 
 .text.hw_claim_clear
                0x10000658       0x40 CMakeFiles/rp2040-freertos-template.dir/F_/pico/pico-sdk/src/rp2_common/hardware_claim/claim.c.obj
                0x10000658                hw_claim_clear
 .text.spin_locks_reset
                0x10000698       0x20 CMakeFiles/rp2040-freertos-template.dir/F_/pico/pico-sdk/src/rp2_common/hardware_sync/sync.c.obj
                0x10000698                spin_locks_reset
 .text.next_striped_spin_lock_num
                0x100006b8       0x1c CMakeFiles/rp2040-freertos-template.dir/F_/pico/pico-sdk/src/rp2_common/hardware_sync/sync.c.obj
                0x100006b8                next_striped_spin_lock_num
 .text.spin_lock_claim_unused
                0x100006d4       0x20 CMakeFiles/rp2040-freertos-template.dir/F_/pico/pico-sdk/src/rp2_common/hardware_sync/sync.c.obj
                0x100006d4                spin_lock_claim_unused
 .text.set_raw_irq_handler_and_unlock
                0x100006f4       0x28 CMakeFiles/rp2040-freertos-template.dir/F_/pico/pico-sdk/src/rp2_common/hardware_irq/irq.c.obj
 .text.get_user_irq_claim_index
                0x1000071c        0x6 CMakeFiles/rp2040-freertos-template.dir/F_/pico/pico-sdk/src/rp2_common/hardware_irq/irq.c.obj
 *fill*         0x10000722        0x2 
 .text.make_branch
                0x10000724       0x48 CMakeFiles/rp2040-freertos-template.dir/F_/pico/pico-sdk/src/rp2_common/hardware_irq/irq.c.obj
 .text.insert_branch_and_link
                0x1000076c       0x40 CMakeFiles/rp2040-freertos-template.dir/F_/pico/pico-sdk/src/rp2_common/hardware_irq/irq.c.obj
 .text.irq_is_enabled
                0x100007ac       0x18 CMakeFiles/rp2040-freertos-template.dir/F_/pico/pico-sdk/src/rp2_common/hardware_irq/irq.c.obj
                0x100007ac                irq_is_enabled
 .text.irq_set_mask_enabled
                0x100007c4       0x20 CMakeFiles/rp2040-freertos-template.dir/F_/pico/pico-sdk/src/rp2_common/hardware_irq/irq.c.obj
                0x100007c4                irq_set_mask_enabled
 .text.irq_set_enabled
                0x100007e4        0xe CMakeFiles/rp2040-freertos-template.dir/F_/pico/pico-sdk/src/rp2_common/hardware_irq/irq.c.obj
                0x100007e4                irq_set_enabled
 *fill*         0x100007f2        0x2 
 .text.irq_set_pending
                0x100007f4       0x10 CMakeFiles/rp2040-freertos-template.dir/F_/pico/pico-sdk/src/rp2_common/hardware_irq/irq.c.obj
                0x100007f4                irq_set_pending
 .text.irq_get_vtable_handler
                0x10000804       0x10 CMakeFiles/rp2040-freertos-template.dir/F_/pico/pico-sdk/src/rp2_common/hardware_irq/irq.c.obj
                0x10000804                irq_get_vtable_handler
 .text.irq_has_shared_handler
                0x10000814       0x24 CMakeFiles/rp2040-freertos-template.dir/F_/pico/pico-sdk/src/rp2_common/hardware_irq/irq.c.obj
                0x10000814                irq_has_shared_handler
 .text.irq_set_exclusive_handler
                0x10000838       0x54 CMakeFiles/rp2040-freertos-template.dir/F_/pico/pico-sdk/src/rp2_common/hardware_irq/irq.c.obj
                0x10000838                irq_set_exclusive_handler
 .text.irq_add_shared_handler
                0x1000088c      0x234 CMakeFiles/rp2040-freertos-template.dir/F_/pico/pico-sdk/src/rp2_common/hardware_irq/irq.c.obj
                0x1000088c                irq_add_shared_handler
 .text.irq_remove_handler
                0x10000ac0      0x1ac CMakeFiles/rp2040-freertos-template.dir/F_/pico/pico-sdk/src/rp2_common/hardware_irq/irq.c.obj
                0x10000ac0                irq_remove_handler
 .text.irq_set_priority
                0x10000c6c       0x28 CMakeFiles/rp2040-freertos-template.dir/F_/pico/pico-sdk/src/rp2_common/hardware_irq/irq.c.obj
                0x10000c6c                irq_set_priority
 .text.irq_add_tail_to_free_list
                0x10000c94       0xf0 CMakeFiles/rp2040-freertos-template.dir/F_/pico/pico-sdk/src/rp2_common/hardware_irq/irq.c.obj
                0x10000c94                irq_add_tail_to_free_list
 .text.irq_init_priorities
                0x10000d84       0x1c CMakeFiles/rp2040-freertos-template.dir/F_/pico/pico-sdk/src/rp2_common/hardware_irq/irq.c.obj
                0x10000d84                irq_init_priorities
 .text.user_irq_unclaim
                0x10000da0       0x14 CMakeFiles/rp2040-freertos-template.dir/F_/pico/pico-sdk/src/rp2_common/hardware_irq/irq.c.obj
                0x10000da0                user_irq_unclaim
 .text.user_irq_claim_unused
                0x10000db4       0x28 CMakeFiles/rp2040-freertos-template.dir/F_/pico/pico-sdk/src/rp2_common/hardware_irq/irq.c.obj
                0x10000db4                user_irq_claim_unused
 .text.sem_init
                0x10000ddc       0x1e CMakeFiles/rp2040-freertos-template.dir/F_/pico/pico-sdk/src/common/pico_sync/sem.c.obj
                0x10000ddc                sem_init
 *fill*         0x10000dfa        0x2 
 .text.lock_init
                0x10000dfc       0x10 CMakeFiles/rp2040-freertos-template.dir/F_/pico/pico-sdk/src/common/pico_sync/lock_core.c.obj
                0x10000dfc                lock_init
 .text.mutex_init
                0x10000e0c       0x1c CMakeFiles/rp2040-freertos-template.dir/F_/pico/pico-sdk/src/common/pico_sync/mutex.c.obj
                0x10000e0c                mutex_init
 .text.recursive_mutex_init
                0x10000e28       0x20 CMakeFiles/rp2040-freertos-template.dir/F_/pico/pico-sdk/src/common/pico_sync/mutex.c.obj
                0x10000e28                recursive_mutex_init
 .text.critical_section_init_with_lock_num
                0x10000e48       0x14 CMakeFiles/rp2040-freertos-template.dir/F_/pico/pico-sdk/src/common/pico_sync/critical_section.c.obj
                0x10000e48                critical_section_init_with_lock_num
 .text.critical_section_init
                0x10000e5c       0x14 CMakeFiles/rp2040-freertos-template.dir/F_/pico/pico-sdk/src/common/pico_sync/critical_section.c.obj
                0x10000e5c                critical_section_init
 .text.alarm_pool_post_alloc_init
                0x10000e70       0x40 CMakeFiles/rp2040-freertos-template.dir/F_/pico/pico-sdk/src/common/pico_time/time.c.obj
 .text.sleep_until_callback
                0x10000eb0       0x28 CMakeFiles/rp2040-freertos-template.dir/F_/pico/pico-sdk/src/common/pico_time/time.c.obj
 .text.timer_pool_entry_comparator
                0x10000ed8       0x7c CMakeFiles/rp2040-freertos-template.dir/F_/pico/pico-sdk/src/common/pico_time/time.c.obj
                0x10000ed8                timer_pool_entry_comparator
 .text.ph_add_child_node
                0x10000f54       0xa4 CMakeFiles/rp2040-freertos-template.dir/F_/pico/pico-sdk/src/common/pico_time/time.c.obj
 .text.ph_merge_nodes
                0x10000ff8       0x3e CMakeFiles/rp2040-freertos-template.dir/F_/pico/pico-sdk/src/common/pico_time/time.c.obj
 *fill*         0x10001036        0x2 
 .text.add_alarm_under_lock
                0x10001038      0x174 CMakeFiles/rp2040-freertos-template.dir/F_/pico/pico-sdk/src/common/pico_time/time.c.obj
 .text.alarm_pool_alarm_callback
                0x100011ac      0x33c CMakeFiles/rp2040-freertos-template.dir/F_/pico/pico-sdk/src/common/pico_time/time.c.obj
 .text.alarm_pool_init_default
                0x100014e8       0x40 CMakeFiles/rp2040-freertos-template.dir/F_/pico/pico-sdk/src/common/pico_time/time.c.obj
                0x100014e8                alarm_pool_init_default
 .text.alarm_pool_get_default
                0x10001528       0x2c CMakeFiles/rp2040-freertos-template.dir/F_/pico/pico-sdk/src/common/pico_time/time.c.obj
                0x10001528                alarm_pool_get_default
 .text.alarm_pool_create_with_unused_hardware_alarm
                0x10001554       0x44 CMakeFiles/rp2040-freertos-template.dir/F_/pico/pico-sdk/src/common/pico_time/time.c.obj
                0x10001554                alarm_pool_create_with_unused_hardware_alarm
 .text.alarm_pool_destroy
                0x10001598       0x78 CMakeFiles/rp2040-freertos-template.dir/F_/pico/pico-sdk/src/common/pico_time/time.c.obj
                0x10001598                alarm_pool_destroy
 .text.alarm_pool_add_alarm_at
                0x10001610      0x168 CMakeFiles/rp2040-freertos-template.dir/F_/pico/pico-sdk/src/common/pico_time/time.c.obj
                0x10001610                alarm_pool_add_alarm_at
 .text.alarm_pool_add_alarm_at_force_in_context
                0x10001778       0xa4 CMakeFiles/rp2040-freertos-template.dir/F_/pico/pico-sdk/src/common/pico_time/time.c.obj
                0x10001778                alarm_pool_add_alarm_at_force_in_context
 .text.alarm_pool_cancel_alarm
                0x1000181c       0xf8 CMakeFiles/rp2040-freertos-template.dir/F_/pico/pico-sdk/src/common/pico_time/time.c.obj
                0x1000181c                alarm_pool_cancel_alarm
 .text.alarm_pool_core_num
                0x10001914        0x4 CMakeFiles/rp2040-freertos-template.dir/F_/pico/pico-sdk/src/common/pico_time/time.c.obj
                0x10001914                alarm_pool_core_num
 .text.sleep_until
                0x10001918       0xf0 CMakeFiles/rp2040-freertos-template.dir/F_/pico/pico-sdk/src/common/pico_time/time.c.obj
                0x10001918                sleep_until
 .text.sleep_us
                0x10001a08       0x58 CMakeFiles/rp2040-freertos-template.dir/F_/pico/pico-sdk/src/common/pico_time/time.c.obj
                0x10001a08                sleep_us
 .text.sleep_ms
                0x10001a60       0x14 CMakeFiles/rp2040-freertos-template.dir/F_/pico/pico-sdk/src/common/pico_time/time.c.obj
                0x10001a60                sleep_ms
 .text.best_effort_wfe_or_timeout
                0x10001a74       0xac CMakeFiles/rp2040-freertos-template.dir/F_/pico/pico-sdk/src/common/pico_time/time.c.obj
                0x10001a74                best_effort_wfe_or_timeout
 .text.hardware_alarm_irq_handler
                0x10001b20       0x90 CMakeFiles/rp2040-freertos-template.dir/F_/pico/pico-sdk/src/rp2_common/hardware_timer/timer.c.obj
 .text.hardware_alarm_claim
                0x10001bb0       0x18 CMakeFiles/rp2040-freertos-template.dir/F_/pico/pico-sdk/src/rp2_common/hardware_timer/timer.c.obj
                0x10001bb0                hardware_alarm_claim
 .text.hardware_alarm_unclaim
                0x10001bc8       0x10 CMakeFiles/rp2040-freertos-template.dir/F_/pico/pico-sdk/src/rp2_common/hardware_timer/timer.c.obj
                0x10001bc8                hardware_alarm_unclaim
 .text.hardware_alarm_claim_unused
                0x10001bd8       0x20 CMakeFiles/rp2040-freertos-template.dir/F_/pico/pico-sdk/src/rp2_common/hardware_timer/timer.c.obj
                0x10001bd8                hardware_alarm_claim_unused
 .text.time_us_64
                0x10001bf8       0x18 CMakeFiles/rp2040-freertos-template.dir/F_/pico/pico-sdk/src/rp2_common/hardware_timer/timer.c.obj
                0x10001bf8                time_us_64
 .text.busy_wait_until
                0x10001c10       0x28 CMakeFiles/rp2040-freertos-template.dir/F_/pico/pico-sdk/src/rp2_common/hardware_timer/timer.c.obj
                0x10001c10                busy_wait_until
 .text.hardware_alarm_set_callback
                0x10001c38       0x90 CMakeFiles/rp2040-freertos-template.dir/F_/pico/pico-sdk/src/rp2_common/hardware_timer/timer.c.obj
                0x10001c38                hardware_alarm_set_callback
 .text.hardware_alarm_set_target
                0x10001cc8       0xe8 CMakeFiles/rp2040-freertos-template.dir/F_/pico/pico-sdk/src/rp2_common/hardware_timer/timer.c.obj
                0x10001cc8                hardware_alarm_set_target
 .text.hardware_alarm_cancel
                0x10001db0       0x40 CMakeFiles/rp2040-freertos-template.dir/F_/pico/pico-sdk/src/rp2_common/hardware_timer/timer.c.obj
                0x10001db0                hardware_alarm_cancel
 .text.hardware_alarm_force_irq
                0x10001df0       0x40 CMakeFiles/rp2040-freertos-template.dir/F_/pico/pico-sdk/src/rp2_common/hardware_timer/timer.c.obj
                0x10001df0                hardware_alarm_force_irq
 .text.ph_add_child_node
                0x10001e30       0xa4 CMakeFiles/rp2040-freertos-template.dir/F_/pico/pico-sdk/src/common/pico_util/pheap.c.obj
 .text.ph_merge_nodes
                0x10001ed4       0x3e CMakeFiles/rp2040-freertos-template.dir/F_/pico/pico-sdk/src/common/pico_util/pheap.c.obj
 *fill*         0x10001f12        0x2 
 .text.ph_clear
                0x10001f14       0x70 CMakeFiles/rp2040-freertos-template.dir/F_/pico/pico-sdk/src/common/pico_util/pheap.c.obj
                0x10001f14                ph_clear
 .text.ph_post_alloc_init
                0x10001f84        0xe CMakeFiles/rp2040-freertos-template.dir/F_/pico/pico-sdk/src/common/pico_util/pheap.c.obj
                0x10001f84                ph_post_alloc_init
 .text.ph_create
                0x10001f92       0x2c CMakeFiles/rp2040-freertos-template.dir/F_/pico/pico-sdk/src/common/pico_util/pheap.c.obj
                0x10001f92                ph_create
 .text.ph_destroy
                0x10001fbe       0x12 CMakeFiles/rp2040-freertos-template.dir/F_/pico/pico-sdk/src/common/pico_util/pheap.c.obj
                0x10001fbe                ph_destroy
 .text.ph_merge_two_pass
                0x10001fd0       0xa8 CMakeFiles/rp2040-freertos-template.dir/F_/pico/pico-sdk/src/common/pico_util/pheap.c.obj
                0x10001fd0                ph_merge_two_pass
 .text.ph_remove_any_head
                0x10002078      0x128 CMakeFiles/rp2040-freertos-template.dir/F_/pico/pico-sdk/src/common/pico_util/pheap.c.obj
 .text.ph_remove_head
                0x100021a0       0x14 CMakeFiles/rp2040-freertos-template.dir/F_/pico/pico-sdk/src/common/pico_util/pheap.c.obj
                0x100021a0                ph_remove_head
 .text.ph_remove_and_free_node
                0x100021b4       0xf8 CMakeFiles/rp2040-freertos-template.dir/F_/pico/pico-sdk/src/common/pico_util/pheap.c.obj
                0x100021b4                ph_remove_and_free_node
 .text.clock_configure
                0x100022ac      0x108 CMakeFiles/rp2040-freertos-template.dir/F_/pico/pico-sdk/src/rp2_common/hardware_clocks/clocks.c.obj
                0x100022ac                clock_configure
 .text.clocks_init
                0x100023b4      0x100 CMakeFiles/rp2040-freertos-template.dir/F_/pico/pico-sdk/src/rp2_common/hardware_clocks/clocks.c.obj
                0x100023b4                clocks_init
 .text.clock_get_hz
                0x100024b4        0xc CMakeFiles/rp2040-freertos-template.dir/F_/pico/pico-sdk/src/rp2_common/hardware_clocks/clocks.c.obj
                0x100024b4                clock_get_hz
 .text.pll_init
                0x100024c0      0x120 CMakeFiles/rp2040-freertos-template.dir/F_/pico/pico-sdk/src/rp2_common/hardware_pll/pll.c.obj
                0x100024c0                pll_init
 .text.watchdog_start_tick
                0x100025e0       0x10 CMakeFiles/rp2040-freertos-template.dir/F_/pico/pico-sdk/src/rp2_common/hardware_watchdog/watchdog.c.obj
                0x100025e0                watchdog_start_tick
 .text.watchdog_update
                0x100025f0       0x14 CMakeFiles/rp2040-freertos-template.dir/F_/pico/pico-sdk/src/rp2_common/hardware_watchdog/watchdog.c.obj
                0x100025f0                watchdog_update
 .text._watchdog_enable
                0x10002604       0x78 CMakeFiles/rp2040-freertos-template.dir/F_/pico/pico-sdk/src/rp2_common/hardware_watchdog/watchdog.c.obj
                0x10002604                _watchdog_enable
 .text.watchdog_reboot
                0x1000267c       0x48 CMakeFiles/rp2040-freertos-template.dir/F_/pico/pico-sdk/src/rp2_common/hardware_watchdog/watchdog.c.obj
                0x1000267c                watchdog_reboot
 .text.xosc_init
                0x100026c4       0x28 CMakeFiles/rp2040-freertos-template.dir/F_/pico/pico-sdk/src/rp2_common/hardware_xosc/xosc.c.obj
                0x100026c4                xosc_init
 .text._exit    0x100026ec        0x4 CMakeFiles/rp2040-freertos-template.dir/F_/pico/pico-sdk/src/rp2_common/pico_runtime/runtime.c.obj
                0x100026ec                _exit
 .text._sbrk    0x100026f0       0x38 CMakeFiles/rp2040-freertos-template.dir/F_/pico/pico-sdk/src/rp2_common/pico_runtime/runtime.c.obj
                0x100026f0                _sbrk
 .text.exit     0x10002728        0x6 CMakeFiles/rp2040-freertos-template.dir/F_/pico/pico-sdk/src/rp2_common/pico_runtime/runtime.c.obj
                0x10002728                exit
 *fill*         0x1000272e        0x2 
 .text.__assert_func
                0x10002730       0x3c CMakeFiles/rp2040-freertos-template.dir/F_/pico/pico-sdk/src/rp2_common/pico_runtime/runtime.c.obj
                0x10002730                __assert_func
 .text.runtime_init
                0x1000276c       0xf8 CMakeFiles/rp2040-freertos-template.dir/F_/pico/pico-sdk/src/rp2_common/pico_runtime/runtime.c.obj
                0x1000276c                runtime_init
 .text.panic    0x10002864       0x30 CMakeFiles/rp2040-freertos-template.dir/F_/pico/pico-sdk/src/rp2_common/pico_runtime/runtime.c.obj
                0x10002864                panic
 .text.panic_unsupported
                0x10002894        0xc CMakeFiles/rp2040-freertos-template.dir/F_/pico/pico-sdk/src/rp2_common/pico_runtime/runtime.c.obj
                0x10002894                panic_unsupported
 .text._out_null
                0x100028a0        0x2 CMakeFiles/rp2040-freertos-template.dir/F_/pico/pico-sdk/src/rp2_common/pico_printf/printf.c.obj
 .text._out_fct
                0x100028a2        0xe CMakeFiles/rp2040-freertos-template.dir/F_/pico/pico-sdk/src/rp2_common/pico_printf/printf.c.obj
 .text._atoi    0x100028b0       0x24 CMakeFiles/rp2040-freertos-template.dir/F_/pico/pico-sdk/src/rp2_common/pico_printf/printf.c.obj
 .text._out_rev
                0x100028d4       0xae CMakeFiles/rp2040-freertos-template.dir/F_/pico/pico-sdk/src/rp2_common/pico_printf/printf.c.obj
 .text._ntoa_format
                0x10002982      0x112 CMakeFiles/rp2040-freertos-template.dir/F_/pico/pico-sdk/src/rp2_common/pico_printf/printf.c.obj
 .text._ntoa_long
                0x10002a94       0xbc CMakeFiles/rp2040-freertos-template.dir/F_/pico/pico-sdk/src/rp2_common/pico_printf/printf.c.obj
 .text._ntoa_long_long
                0x10002b50       0xe2 CMakeFiles/rp2040-freertos-template.dir/F_/pico/pico-sdk/src/rp2_common/pico_printf/printf.c.obj
 *fill*         0x10002c32        0x2 
 .text._etoa    0x10002c34      0x414 CMakeFiles/rp2040-freertos-template.dir/F_/pico/pico-sdk/src/rp2_common/pico_printf/printf.c.obj
 .text._ftoa    0x10003048      0x354 CMakeFiles/rp2040-freertos-template.dir/F_/pico/pico-sdk/src/rp2_common/pico_printf/printf.c.obj
 .text._vsnprintf
                0x1000339c      0x624 CMakeFiles/rp2040-freertos-template.dir/F_/pico/pico-sdk/src/rp2_common/pico_printf/printf.c.obj
 .text.vfctprintf
                0x100039c0       0x20 CMakeFiles/rp2040-freertos-template.dir/F_/pico/pico-sdk/src/rp2_common/pico_printf/printf.c.obj
                0x100039c0                vfctprintf
 .text          0x100039e0       0x10 CMakeFiles/rp2040-freertos-template.dir/F_/pico/pico-sdk/src/rp2_common/pico_bit_ops/bit_ops_aeabi.S.obj
 .text.ctzsi    0x100039f0        0xc CMakeFiles/rp2040-freertos-template.dir/F_/pico/pico-sdk/src/rp2_common/pico_bit_ops/bit_ops_aeabi.S.obj
                0x100039f0                __wrap___ctzsi2
 .text.rom_func_lookup
                0x100039fc       0x10 CMakeFiles/rp2040-freertos-template.dir/F_/pico/pico-sdk/src/rp2_common/pico_bootrom/bootrom.c.obj
                0x100039fc                rom_func_lookup
 .text.rom_data_lookup
                0x10003a0c       0x10 CMakeFiles/rp2040-freertos-template.dir/F_/pico/pico-sdk/src/rp2_common/pico_bootrom/bootrom.c.obj
                0x10003a0c                rom_data_lookup
 .text.rom_funcs_lookup
                0x10003a1c       0x36 CMakeFiles/rp2040-freertos-template.dir/F_/pico/pico-sdk/src/rp2_common/pico_bootrom/bootrom.c.obj
                0x10003a1c                rom_funcs_lookup
 *fill*         0x10003a52        0x2 
 .text.__wrap___aeabi_idiv
                0x10003a54       0x50 CMakeFiles/rp2040-freertos-template.dir/F_/pico/pico-sdk/src/rp2_common/pico_divider/divider.S.obj
                0x10003a54                __wrap___aeabi_idivmod
                0x10003a54                divmod_s32s32
                0x10003a54                div_s32s32
                0x10003a54                __wrap___aeabi_idiv
                0x10003a5c                divmod_s32s32_unsafe
                0x10003a88                divmod_s32s32_savestate
 .text.__wrap___aeabi_uidiv
                0x10003aa4       0x4c CMakeFiles/rp2040-freertos-template.dir/F_/pico/pico-sdk/src/rp2_common/pico_divider/divider.S.obj
                0x10003aa4                __wrap___aeabi_uidiv
                0x10003aa4                __wrap___aeabi_uidivmod
                0x10003aa4                div_u32u32
                0x10003aa4                divmod_u32u32
                0x10003aac                divmod_u32u32_unsafe
                0x10003ad4                divmod_u32u32_savestate
 .text.__wrap___aeabi_ldiv
                0x10003af0      0x424 CMakeFiles/rp2040-freertos-template.dir/F_/pico/pico-sdk/src/rp2_common/pico_divider/divider.S.obj
                0x10003af0                div_s64s64
                0x10003af0                divmod_s64s64
                0x10003af0                __wrap___aeabi_ldivmod
                0x10003b20                divmod_u64u64
                0x10003b20                div_u64u64
                0x10003b20                __wrap___aeabi_uldivmod
                0x10003b30                divmod_u64u64_savestate
                0x10003b50                divmod_s64s64_unsafe
                0x10003bd8                divmod_u64u64_unsafe
 .text.__wrap___aeabi_darithmetic
                0x10003f14       0x60 CMakeFiles/rp2040-freertos-template.dir/F_/pico/pico-sdk/src/rp2_common/pico_double/double_aeabi.S.obj
                0x10003f14                __wrap___aeabi_drsub
                0x10003f1a                __wrap___aeabi_dsub
                0x10003f24                __wrap___aeabi_dadd
                0x10003f2e                __wrap___aeabi_ddiv
                0x10003f62                __wrap___aeabi_dmul
 .text.__wrap___aeabi_cdcmple
                0x10003f74       0x6c CMakeFiles/rp2040-freertos-template.dir/F_/pico/pico-sdk/src/rp2_common/pico_double/double_aeabi.S.obj
                0x10003f74                __wrap___aeabi_cdrcmple
                0x10003f84                __wrap___aeabi_cdcmpeq
                0x10003f84                __wrap___aeabi_cdcmple
 .text.__wrap___aeabi_dcmplt
                0x10003fe0        0xc CMakeFiles/rp2040-freertos-template.dir/F_/pico/pico-sdk/src/rp2_common/pico_double/double_aeabi.S.obj
                0x10003fe0                __wrap___aeabi_dcmplt
 .text.__wrap___aeabi_dcmple
                0x10003fec       0x10 CMakeFiles/rp2040-freertos-template.dir/F_/pico/pico-sdk/src/rp2_common/pico_double/double_aeabi.S.obj
                0x10003fec                __wrap___aeabi_dcmple
 .text.__wrap___aeabi_dcmpge
                0x10003ffc       0x10 CMakeFiles/rp2040-freertos-template.dir/F_/pico/pico-sdk/src/rp2_common/pico_double/double_aeabi.S.obj
                0x10003ffc                __wrap___aeabi_dcmpge
 .text.__wrap___aeabi_dcmpgt
                0x1000400c        0xa CMakeFiles/rp2040-freertos-template.dir/F_/pico/pico-sdk/src/rp2_common/pico_double/double_aeabi.S.obj
                0x1000400c                __wrap___aeabi_dcmpgt
 .text.__wrap___aeabi_dcmpun
                0x10004016       0x1c CMakeFiles/rp2040-freertos-template.dir/F_/pico/pico-sdk/src/rp2_common/pico_double/double_aeabi.S.obj
                0x10004016                __wrap___aeabi_dcmpun
 *fill*         0x10004032        0x2 
 .text.__wrap___aeabi_i2d
                0x10004034       0x38 CMakeFiles/rp2040-freertos-template.dir/F_/pico/pico-sdk/src/rp2_common/pico_double/double_aeabi.S.obj
                0x10004034                __wrap___aeabi_ui2d
                0x1000403c                __wrap___aeabi_i2d
 .text.__wrap___aeabi_d2iz
                0x1000406c       0x48 CMakeFiles/rp2040-freertos-template.dir/F_/pico/pico-sdk/src/rp2_common/pico_double/double_aeabi.S.obj
                0x1000406c                double2int_z
                0x1000406c                __wrap___aeabi_d2iz
 .text.__wrap___aeabi_d2uiz
                0x100040b4       0x10 CMakeFiles/rp2040-freertos-template.dir/F_/pico/pico-sdk/src/rp2_common/pico_double/double_aeabi.S.obj
                0x100040b4                __wrap___aeabi_d2uiz
                0x100040b4                double2uint
 .text.missing_double_func_shim
                0x100040c4        0xc CMakeFiles/rp2040-freertos-template.dir/F_/pico/pico-sdk/src/rp2_common/pico_double/double_init_rom.c.obj
 .text.__aeabi_double_init
                0x100040d0       0xcc CMakeFiles/rp2040-freertos-template.dir/F_/pico/pico-sdk/src/rp2_common/pico_double/double_init_rom.c.obj
                0x100040d0                __aeabi_double_init
 .text.double_table_shim_on_use_helper
                0x1000419c       0x34 CMakeFiles/rp2040-freertos-template.dir/F_/pico/pico-sdk/src/rp2_common/pico_double/double_v1_rom_shim.S.obj
                0x1000419c                double_table_shim_on_use_helper
 .text.__aeabi_lmul
                0x100041d0       0x32 CMakeFiles/rp2040-freertos-template.dir/F_/pico/pico-sdk/src/rp2_common/pico_int64_ops/pico_int64_ops_aeabi.S.obj
                0x100041d0                __wrap___aeabi_lmul
 *fill*         0x10004202        0x2 
 .text.missing_float_func_shim
                0x10004204        0xc CMakeFiles/rp2040-freertos-template.dir/F_/pico/pico-sdk/src/rp2_common/pico_float/float_init_rom.c.obj
 .text.__aeabi_float_init
                0x10004210       0x88 CMakeFiles/rp2040-freertos-template.dir/F_/pico/pico-sdk/src/rp2_common/pico_float/float_init_rom.c.obj
                0x10004210                __aeabi_float_init
 .text.__wrap_malloc
                0x10004298       0x3c CMakeFiles/rp2040-freertos-template.dir/F_/pico/pico-sdk/src/rp2_common/pico_malloc/pico_malloc.c.obj
                0x10004298                __wrap_malloc
 .text.__wrap_calloc
                0x100042d4       0x40 CMakeFiles/rp2040-freertos-template.dir/F_/pico/pico-sdk/src/rp2_common/pico_malloc/pico_malloc.c.obj
                0x100042d4                __wrap_calloc
 .text.__wrap_free
                0x10004314       0x20 CMakeFiles/rp2040-freertos-template.dir/F_/pico/pico-sdk/src/rp2_common/pico_malloc/pico_malloc.c.obj
                0x10004314                __wrap_free
 .text          0x10004334       0x10 CMakeFiles/rp2040-freertos-template.dir/F_/pico/pico-sdk/src/rp2_common/pico_mem_ops/mem_ops_aeabi.S.obj
                0x10004334                __aeabi_mem_init
 .text.memset   0x10004344        0xc CMakeFiles/rp2040-freertos-template.dir/F_/pico/pico-sdk/src/rp2_common/pico_mem_ops/mem_ops_aeabi.S.obj
                0x10004344                __wrap_memset
 .text.memcpy   0x10004350        0xc CMakeFiles/rp2040-freertos-template.dir/F_/pico/pico-sdk/src/rp2_common/pico_mem_ops/mem_ops_aeabi.S.obj
                0x10004350                __wrap_memcpy
                0x10004350                __wrap___aeabi_memcpy
 .text.stdio_out_chars_no_crlf
                0x1000435c        0xe CMakeFiles/rp2040-freertos-template.dir/F_/pico/pico-sdk/src/rp2_common/pico_stdio/stdio.c.obj
 *fill*         0x1000436a        0x2 
 .text.stdio_out_chars_crlf
                0x1000436c       0x80 CMakeFiles/rp2040-freertos-template.dir/F_/pico/pico-sdk/src/rp2_common/pico_stdio/stdio.c.obj
 .text.stdio_stack_buffer_flush
                0x100043ec       0x44 CMakeFiles/rp2040-freertos-template.dir/F_/pico/pico-sdk/src/rp2_common/pico_stdio/stdio.c.obj
 .text.stdio_buffered_printer
                0x10004430       0x20 CMakeFiles/rp2040-freertos-template.dir/F_/pico/pico-sdk/src/rp2_common/pico_stdio/stdio.c.obj
 .text.stdout_serialize_begin
                0x10004450       0x5c CMakeFiles/rp2040-freertos-template.dir/F_/pico/pico-sdk/src/rp2_common/pico_stdio/stdio.c.obj
                0x10004450                stdout_serialize_begin
 .text.stdout_serialize_end
                0x100044ac       0x10 CMakeFiles/rp2040-freertos-template.dir/F_/pico/pico-sdk/src/rp2_common/pico_stdio/stdio.c.obj
                0x100044ac                stdout_serialize_end
 .text.stdio_put_string
                0x100044bc       0x98 CMakeFiles/rp2040-freertos-template.dir/F_/pico/pico-sdk/src/rp2_common/pico_stdio/stdio.c.obj
 .text.stdio_set_driver_enabled
                0x10004554       0x2c CMakeFiles/rp2040-freertos-template.dir/F_/pico/pico-sdk/src/rp2_common/pico_stdio/stdio.c.obj
                0x10004554                stdio_set_driver_enabled
 .text.stdio_flush
                0x10004580       0x20 CMakeFiles/rp2040-freertos-template.dir/F_/pico/pico-sdk/src/rp2_common/pico_stdio/stdio.c.obj
                0x10004580                stdio_flush
 .text.__wrap_puts
                0x100045a0       0x1e CMakeFiles/rp2040-freertos-template.dir/F_/pico/pico-sdk/src/rp2_common/pico_stdio/stdio.c.obj
                0x100045a0                __wrap_puts
 *fill*         0x100045be        0x2 
 .text.__wrap_vprintf
                0x100045c0       0x40 CMakeFiles/rp2040-freertos-template.dir/F_/pico/pico-sdk/src/rp2_common/pico_stdio/stdio.c.obj
                0x100045c0                __wrap_vprintf
 .text.__wrap_printf
                0x10004600       0x18 CMakeFiles/rp2040-freertos-template.dir/F_/pico/pico-sdk/src/rp2_common/pico_stdio/stdio.c.obj
                0x10004600                __wrap_printf
 .text.stdio_init_all
                0x10004618        0x8 CMakeFiles/rp2040-freertos-template.dir/F_/pico/pico-sdk/src/rp2_common/pico_stdio/stdio.c.obj
                0x10004618                stdio_init_all
 .text.resetd_init
                0x10004620        0x2 CMakeFiles/rp2040-freertos-template.dir/F_/pico/pico-sdk/src/rp2_common/pico_stdio_usb/reset_interface.c.obj
 *fill*         0x10004622        0x2 
 .text.resetd_reset
                0x10004624        0xc CMakeFiles/rp2040-freertos-template.dir/F_/pico/pico-sdk/src/rp2_common/pico_stdio_usb/reset_interface.c.obj
 .text.resetd_open
                0x10004630       0x34 CMakeFiles/rp2040-freertos-template.dir/F_/pico/pico-sdk/src/rp2_common/pico_stdio_usb/reset_interface.c.obj
 .text.resetd_xfer_cb
                0x10004664        0x4 CMakeFiles/rp2040-freertos-template.dir/F_/pico/pico-sdk/src/rp2_common/pico_stdio_usb/reset_interface.c.obj
 .text.reset_usb_boot
                0x10004668       0x18 CMakeFiles/rp2040-freertos-template.dir/F_/pico/pico-sdk/src/rp2_common/pico_stdio_usb/reset_interface.c.obj
 .text.resetd_control_xfer_cb
                0x10004680       0x5c CMakeFiles/rp2040-freertos-template.dir/F_/pico/pico-sdk/src/rp2_common/pico_stdio_usb/reset_interface.c.obj
 .text.usbd_app_driver_get_cb
                0x100046dc        0xc CMakeFiles/rp2040-freertos-template.dir/F_/pico/pico-sdk/src/rp2_common/pico_stdio_usb/reset_interface.c.obj
                0x100046dc                usbd_app_driver_get_cb
 .text.tud_cdc_line_coding_cb
                0x100046e8       0x28 CMakeFiles/rp2040-freertos-template.dir/F_/pico/pico-sdk/src/rp2_common/pico_stdio_usb/reset_interface.c.obj
                0x100046e8                tud_cdc_line_coding_cb
 .text.stdio_usb_set_chars_available_callback
                0x10004710       0x14 CMakeFiles/rp2040-freertos-template.dir/F_/pico/pico-sdk/src/rp2_common/pico_stdio_usb/stdio_usb.c.obj
                0x10004710                stdio_usb_set_chars_available_callback
 .text.usb_irq  0x10004724       0x10 CMakeFiles/rp2040-freertos-template.dir/F_/pico/pico-sdk/src/rp2_common/pico_stdio_usb/stdio_usb.c.obj
 .text.timer_task
                0x10004734       0x5c CMakeFiles/rp2040-freertos-template.dir/F_/pico/pico-sdk/src/rp2_common/pico_stdio_usb/stdio_usb.c.obj
 .text.low_priority_worker_irq
                0x10004790       0xdc CMakeFiles/rp2040-freertos-template.dir/F_/pico/pico-sdk/src/rp2_common/pico_stdio_usb/stdio_usb.c.obj
 .text.tud_cdc_rx_cb
                0x1000486c       0x20 CMakeFiles/rp2040-freertos-template.dir/F_/pico/pico-sdk/src/rp2_common/pico_stdio_usb/stdio_usb.c.obj
                0x1000486c                tud_cdc_rx_cb
 .text.stdio_usb_init
                0x1000488c      0x11c CMakeFiles/rp2040-freertos-template.dir/F_/pico/pico-sdk/src/rp2_common/pico_stdio_usb/stdio_usb.c.obj
                0x1000488c                stdio_usb_init
 .text.stdio_usb_connected
                0x100049a8        0xa CMakeFiles/rp2040-freertos-template.dir/F_/pico/pico-sdk/src/rp2_common/pico_stdio_usb/stdio_usb.c.obj
                0x100049a8                stdio_usb_connected
 *fill*         0x100049b2        0x2 
 .text.stdio_usb_in_chars
                0x100049b4       0xc4 CMakeFiles/rp2040-freertos-template.dir/F_/pico/pico-sdk/src/rp2_common/pico_stdio_usb/stdio_usb.c.obj
                0x100049b4                stdio_usb_in_chars
 .text.stdio_usb_out_chars
                0x10004a78      0x114 CMakeFiles/rp2040-freertos-template.dir/F_/pico/pico-sdk/src/rp2_common/pico_stdio_usb/stdio_usb.c.obj
 .text.tud_descriptor_device_cb
                0x10004b8c        0x8 CMakeFiles/rp2040-freertos-template.dir/F_/pico/pico-sdk/src/rp2_common/pico_stdio_usb/stdio_usb_descriptors.c.obj
                0x10004b8c                tud_descriptor_device_cb
 .text.tud_descriptor_configuration_cb
                0x10004b94        0x8 CMakeFiles/rp2040-freertos-template.dir/F_/pico/pico-sdk/src/rp2_common/pico_stdio_usb/stdio_usb_descriptors.c.obj
                0x10004b94                tud_descriptor_configuration_cb
 .text.tud_descriptor_string_cb
                0x10004b9c       0x6c CMakeFiles/rp2040-freertos-template.dir/F_/pico/pico-sdk/src/rp2_common/pico_stdio_usb/stdio_usb_descriptors.c.obj
                0x10004b9c                tud_descriptor_string_cb
 .text._retrieve_unique_id_on_boot
                0x10004c08       0x10 CMakeFiles/rp2040-freertos-template.dir/F_/pico/pico-sdk/src/rp2_common/pico_unique_id/unique_id.c.obj
 .text.pico_get_unique_board_id
                0x10004c18       0x10 CMakeFiles/rp2040-freertos-template.dir/F_/pico/pico-sdk/src/rp2_common/pico_unique_id/unique_id.c.obj
                0x10004c18                pico_get_unique_board_id
 .text.pico_get_unique_board_id_string
                0x10004c28       0x60 CMakeFiles/rp2040-freertos-template.dir/F_/pico/pico-sdk/src/rp2_common/pico_unique_id/unique_id.c.obj
                0x10004c28                pico_get_unique_board_id_string
 .text.flash_get_unique_id
                0x10004c88       0x46 CMakeFiles/rp2040-freertos-template.dir/F_/pico/pico-sdk/src/rp2_common/hardware_flash/flash.c.obj
                0x10004c88                flash_get_unique_id
 *fill*         0x10004cce        0x2 
 .text.hw_endpoint_get_by_addr
                0x10004cd0       0x18 CMakeFiles/rp2040-freertos-template.dir/F_/pico/pico-sdk/lib/tinyusb/src/portable/raspberrypi/rp2040/dcd_rp2040.c.obj
 .text._hw_endpoint_alloc
                0x10004ce8       0x70 CMakeFiles/rp2040-freertos-template.dir/F_/pico/pico-sdk/lib/tinyusb/src/portable/raspberrypi/rp2040/dcd_rp2040.c.obj
 .text.hw_endpoint_init
                0x10004d58       0x88 CMakeFiles/rp2040-freertos-template.dir/F_/pico/pico-sdk/lib/tinyusb/src/portable/raspberrypi/rp2040/dcd_rp2040.c.obj
 .text.hw_endpoint_xfer
                0x10004de0       0x14 CMakeFiles/rp2040-freertos-template.dir/F_/pico/pico-sdk/lib/tinyusb/src/portable/raspberrypi/rp2040/dcd_rp2040.c.obj
 .text.dcd_int_enable
                0x10004df4       0x2c CMakeFiles/rp2040-freertos-template.dir/F_/pico/pico-sdk/lib/tinyusb/src/portable/raspberrypi/rp2040/dcd_rp2040.c.obj
                0x10004df4                dcd_int_enable
 .text.dcd_set_address
                0x10004e20       0x2c CMakeFiles/rp2040-freertos-template.dir/F_/pico/pico-sdk/lib/tinyusb/src/portable/raspberrypi/rp2040/dcd_rp2040.c.obj
                0x10004e20                dcd_set_address
 .text.dcd_connect
                0x10004e4c       0x10 CMakeFiles/rp2040-freertos-template.dir/F_/pico/pico-sdk/lib/tinyusb/src/portable/raspberrypi/rp2040/dcd_rp2040.c.obj
                0x10004e4c                dcd_connect
 .text.dcd_init
                0x10004e5c       0x80 CMakeFiles/rp2040-freertos-template.dir/F_/pico/pico-sdk/lib/tinyusb/src/portable/raspberrypi/rp2040/dcd_rp2040.c.obj
                0x10004e5c                dcd_init
 .text.dcd_edpt0_status_complete
                0x10004edc       0x1c CMakeFiles/rp2040-freertos-template.dir/F_/pico/pico-sdk/lib/tinyusb/src/portable/raspberrypi/rp2040/dcd_rp2040.c.obj
                0x10004edc                dcd_edpt0_status_complete
 .text.dcd_edpt_open
                0x10004ef8       0x40 CMakeFiles/rp2040-freertos-template.dir/F_/pico/pico-sdk/lib/tinyusb/src/portable/raspberrypi/rp2040/dcd_rp2040.c.obj
                0x10004ef8                dcd_edpt_open
 .text.dcd_edpt_close_all
                0x10004f38        0x8 CMakeFiles/rp2040-freertos-template.dir/F_/pico/pico-sdk/lib/tinyusb/src/portable/raspberrypi/rp2040/dcd_rp2040.c.obj
                0x10004f38                dcd_edpt_close_all
 .text.dcd_edpt_xfer
                0x10004f40       0x34 CMakeFiles/rp2040-freertos-template.dir/F_/pico/pico-sdk/lib/tinyusb/src/portable/raspberrypi/rp2040/dcd_rp2040.c.obj
                0x10004f40                dcd_edpt_xfer
 .text.dcd_edpt_stall
                0x10004f74       0x2c CMakeFiles/rp2040-freertos-template.dir/F_/pico/pico-sdk/lib/tinyusb/src/portable/raspberrypi/rp2040/dcd_rp2040.c.obj
                0x10004f74                dcd_edpt_stall
 .text.dcd_edpt_clear_stall
                0x10004fa0       0x20 CMakeFiles/rp2040-freertos-template.dir/F_/pico/pico-sdk/lib/tinyusb/src/portable/raspberrypi/rp2040/dcd_rp2040.c.obj
                0x10004fa0                dcd_edpt_clear_stall
 .text.rp2040_usb_init
                0x10004fc0       0x4c CMakeFiles/rp2040-freertos-template.dir/F_/pico/pico-sdk/lib/tinyusb/src/portable/raspberrypi/rp2040/rp2040_usb.c.obj
                0x10004fc0                rp2040_usb_init
 .text.hw_endpoint_xfer_start
                0x1000500c       0x50 CMakeFiles/rp2040-freertos-template.dir/F_/pico/pico-sdk/lib/tinyusb/src/portable/raspberrypi/rp2040/rp2040_usb.c.obj
                0x1000500c                hw_endpoint_xfer_start
 .text.configuration_reset
                0x1000505c       0x84 CMakeFiles/rp2040-freertos-template.dir/F_/pico/pico-sdk/lib/tinyusb/src/device/usbd.c.obj
 .text.usbd_reset
                0x100050e0        0xc CMakeFiles/rp2040-freertos-template.dir/F_/pico/pico-sdk/lib/tinyusb/src/device/usbd.c.obj
 .text.invoke_class_control
                0x100050ec       0x1a CMakeFiles/rp2040-freertos-template.dir/F_/pico/pico-sdk/lib/tinyusb/src/device/usbd.c.obj
 *fill*         0x10005106        0x2 
 .text.process_set_config
                0x10005108      0x178 CMakeFiles/rp2040-freertos-template.dir/F_/pico/pico-sdk/lib/tinyusb/src/device/usbd.c.obj
 .text.process_get_descriptor
                0x10005280       0xdc CMakeFiles/rp2040-freertos-template.dir/F_/pico/pico-sdk/lib/tinyusb/src/device/usbd.c.obj
 .text.tud_mounted
                0x1000535c       0x10 CMakeFiles/rp2040-freertos-template.dir/F_/pico/pico-sdk/lib/tinyusb/src/device/usbd.c.obj
                0x1000535c                tud_mounted
 .text.tud_suspended
                0x1000536c       0x10 CMakeFiles/rp2040-freertos-template.dir/F_/pico/pico-sdk/lib/tinyusb/src/device/usbd.c.obj
                0x1000536c                tud_suspended
 .text.tud_inited
                0x1000537c       0x14 CMakeFiles/rp2040-freertos-template.dir/F_/pico/pico-sdk/lib/tinyusb/src/device/usbd.c.obj
                0x1000537c                tud_inited
 .text.tud_init
                0x10005390       0xcc CMakeFiles/rp2040-freertos-template.dir/F_/pico/pico-sdk/lib/tinyusb/src/device/usbd.c.obj
                0x10005390                tud_init
 .text.usbd_defer_func
                0x1000545c       0x2a CMakeFiles/rp2040-freertos-template.dir/F_/pico/pico-sdk/lib/tinyusb/src/device/usbd.c.obj
                0x1000545c                usbd_defer_func
 *fill*         0x10005486        0x2 
 .text.usbd_edpt_open
                0x10005488       0x34 CMakeFiles/rp2040-freertos-template.dir/F_/pico/pico-sdk/lib/tinyusb/src/device/usbd.c.obj
                0x10005488                usbd_edpt_open
 .text.usbd_open_edpt_pair
                0x100054bc       0x62 CMakeFiles/rp2040-freertos-template.dir/F_/pico/pico-sdk/lib/tinyusb/src/device/usbd.c.obj
                0x100054bc                usbd_open_edpt_pair
 *fill*         0x1000551e        0x2 
 .text.usbd_edpt_claim
                0x10005520       0x28 CMakeFiles/rp2040-freertos-template.dir/F_/pico/pico-sdk/lib/tinyusb/src/device/usbd.c.obj
                0x10005520                usbd_edpt_claim
 .text.usbd_edpt_release
                0x10005548       0x28 CMakeFiles/rp2040-freertos-template.dir/F_/pico/pico-sdk/lib/tinyusb/src/device/usbd.c.obj
                0x10005548                usbd_edpt_release
 .text.usbd_edpt_xfer
                0x10005570       0x78 CMakeFiles/rp2040-freertos-template.dir/F_/pico/pico-sdk/lib/tinyusb/src/device/usbd.c.obj
                0x10005570                usbd_edpt_xfer
 .text.usbd_edpt_stall
                0x100055e8       0x48 CMakeFiles/rp2040-freertos-template.dir/F_/pico/pico-sdk/lib/tinyusb/src/device/usbd.c.obj
                0x100055e8                usbd_edpt_stall
 .text.usbd_edpt_clear_stall
                0x10005630       0x48 CMakeFiles/rp2040-freertos-template.dir/F_/pico/pico-sdk/lib/tinyusb/src/device/usbd.c.obj
                0x10005630                usbd_edpt_clear_stall
 .text.usbd_edpt_stalled
                0x10005678       0x1c CMakeFiles/rp2040-freertos-template.dir/F_/pico/pico-sdk/lib/tinyusb/src/device/usbd.c.obj
                0x10005678                usbd_edpt_stalled
 .text.process_control_request
                0x10005694      0x37c CMakeFiles/rp2040-freertos-template.dir/F_/pico/pico-sdk/lib/tinyusb/src/device/usbd.c.obj
 .text.tud_task_ext
                0x10005a10      0x1b8 CMakeFiles/rp2040-freertos-template.dir/F_/pico/pico-sdk/lib/tinyusb/src/device/usbd.c.obj
                0x10005a10                tud_task_ext
 .text._data_stage_xact
                0x10005bc8       0x58 CMakeFiles/rp2040-freertos-template.dir/F_/pico/pico-sdk/lib/tinyusb/src/device/usbd_control.c.obj
 .text.tud_control_status
                0x10005c20       0x38 CMakeFiles/rp2040-freertos-template.dir/F_/pico/pico-sdk/lib/tinyusb/src/device/usbd_control.c.obj
                0x10005c20                tud_control_status
 .text.tud_control_xfer
                0x10005c58       0x74 CMakeFiles/rp2040-freertos-template.dir/F_/pico/pico-sdk/lib/tinyusb/src/device/usbd_control.c.obj
                0x10005c58                tud_control_xfer
 .text.usbd_control_reset
                0x10005ccc       0x14 CMakeFiles/rp2040-freertos-template.dir/F_/pico/pico-sdk/lib/tinyusb/src/device/usbd_control.c.obj
                0x10005ccc                usbd_control_reset
 .text.usbd_control_set_complete_callback
                0x10005ce0        0xc CMakeFiles/rp2040-freertos-template.dir/F_/pico/pico-sdk/lib/tinyusb/src/device/usbd_control.c.obj
                0x10005ce0                usbd_control_set_complete_callback
 .text.usbd_control_set_request
                0x10005cec       0x1c CMakeFiles/rp2040-freertos-template.dir/F_/pico/pico-sdk/lib/tinyusb/src/device/usbd_control.c.obj
                0x10005cec                usbd_control_set_request
 .text.usbd_control_xfer_cb
                0x10005d08       0xcc CMakeFiles/rp2040-freertos-template.dir/F_/pico/pico-sdk/lib/tinyusb/src/device/usbd_control.c.obj
                0x10005d08                usbd_control_xfer_cb
 .text._prep_out_transaction
                0x10005dd4       0x4a CMakeFiles/rp2040-freertos-template.dir/F_/pico/pico-sdk/lib/tinyusb/src/class/cdc/cdc_device.c.obj
 *fill*         0x10005e1e        0x2 
 .text.tud_cdc_n_connected
                0x10005e20       0x44 CMakeFiles/rp2040-freertos-template.dir/F_/pico/pico-sdk/lib/tinyusb/src/class/cdc/cdc_device.c.obj
                0x10005e20                tud_cdc_n_connected
 .text.tud_cdc_n_available
                0x10005e64       0x18 CMakeFiles/rp2040-freertos-template.dir/F_/pico/pico-sdk/lib/tinyusb/src/class/cdc/cdc_device.c.obj
                0x10005e64                tud_cdc_n_available
 .text.tud_cdc_n_read
                0x10005e7c       0x28 CMakeFiles/rp2040-freertos-template.dir/F_/pico/pico-sdk/lib/tinyusb/src/class/cdc/cdc_device.c.obj
                0x10005e7c                tud_cdc_n_read
 .text.tud_cdc_n_write_flush
                0x10005ea4       0xb8 CMakeFiles/rp2040-freertos-template.dir/F_/pico/pico-sdk/lib/tinyusb/src/class/cdc/cdc_device.c.obj
                0x10005ea4                tud_cdc_n_write_flush
 .text.tud_cdc_n_write
                0x10005f5c       0x38 CMakeFiles/rp2040-freertos-template.dir/F_/pico/pico-sdk/lib/tinyusb/src/class/cdc/cdc_device.c.obj
                0x10005f5c                tud_cdc_n_write
 .text.tud_cdc_n_write_available
                0x10005f94       0x1c CMakeFiles/rp2040-freertos-template.dir/F_/pico/pico-sdk/lib/tinyusb/src/class/cdc/cdc_device.c.obj
                0x10005f94                tud_cdc_n_write_available
 .text.cdcd_init
                0x10005fb0       0xbc CMakeFiles/rp2040-freertos-template.dir/F_/pico/pico-sdk/lib/tinyusb/src/class/cdc/cdc_device.c.obj
                0x10005fb0                cdcd_init
 .text.cdcd_reset
                0x1000606c       0x44 CMakeFiles/rp2040-freertos-template.dir/F_/pico/pico-sdk/lib/tinyusb/src/class/cdc/cdc_device.c.obj
                0x1000606c                cdcd_reset
 .text.cdcd_open
                0x100060b0       0xcc CMakeFiles/rp2040-freertos-template.dir/F_/pico/pico-sdk/lib/tinyusb/src/class/cdc/cdc_device.c.obj
                0x100060b0                cdcd_open
 .text.cdcd_control_xfer_cb
                0x1000617c      0x134 CMakeFiles/rp2040-freertos-template.dir/F_/pico/pico-sdk/lib/tinyusb/src/class/cdc/cdc_device.c.obj
                0x1000617c                cdcd_control_xfer_cb
 .text.cdcd_xfer_cb
                0x100062b0      0x130 CMakeFiles/rp2040-freertos-template.dir/F_/pico/pico-sdk/lib/tinyusb/src/class/cdc/cdc_device.c.obj
                0x100062b0                cdcd_xfer_cb
 .text.tusb_init
                0x100063e0        0xa CMakeFiles/rp2040-freertos-template.dir/F_/pico/pico-sdk/lib/tinyusb/src/tusb.c.obj
                0x100063e0                tusb_init
 .text.tusb_inited
                0x100063ea        0xe CMakeFiles/rp2040-freertos-template.dir/F_/pico/pico-sdk/lib/tinyusb/src/tusb.c.obj
                0x100063ea                tusb_inited
 .text.tu_edpt_claim
                0x100063f8       0x50 CMakeFiles/rp2040-freertos-template.dir/F_/pico/pico-sdk/lib/tinyusb/src/tusb.c.obj
                0x100063f8                tu_edpt_claim
 .text.tu_edpt_release
                0x10006448       0x3c CMakeFiles/rp2040-freertos-template.dir/F_/pico/pico-sdk/lib/tinyusb/src/tusb.c.obj
                0x10006448                tu_edpt_release
 .text.tu_edpt_validate
                0x10006484       0x78 CMakeFiles/rp2040-freertos-template.dir/F_/pico/pico-sdk/lib/tinyusb/src/tusb.c.obj
                0x10006484                tu_edpt_validate
 .text.tu_edpt_bind_driver
                0x100064fc       0x26 CMakeFiles/rp2040-freertos-template.dir/F_/pico/pico-sdk/lib/tinyusb/src/tusb.c.obj
                0x100064fc                tu_edpt_bind_driver
 .text.advance_index
                0x10006522       0x1a CMakeFiles/rp2040-freertos-template.dir/F_/pico/pico-sdk/lib/tinyusb/src/common/tusb_fifo.c.obj
 .text._tu_fifo_peek
                0x1000653c       0x56 CMakeFiles/rp2040-freertos-template.dir/F_/pico/pico-sdk/lib/tinyusb/src/common/tusb_fifo.c.obj
 .text._ff_pull_const_addr
                0x10006592       0x4c CMakeFiles/rp2040-freertos-template.dir/F_/pico/pico-sdk/lib/tinyusb/src/common/tusb_fifo.c.obj
 .text._ff_pull_n
                0x100065de      0x110 CMakeFiles/rp2040-freertos-template.dir/F_/pico/pico-sdk/lib/tinyusb/src/common/tusb_fifo.c.obj
 .text._tu_fifo_peek_n
                0x100066ee       0x6a CMakeFiles/rp2040-freertos-template.dir/F_/pico/pico-sdk/lib/tinyusb/src/common/tusb_fifo.c.obj
 .text._tu_fifo_read_n
                0x10006758       0x4e CMakeFiles/rp2040-freertos-template.dir/F_/pico/pico-sdk/lib/tinyusb/src/common/tusb_fifo.c.obj
 .text._ff_push_const_addr
                0x100067a6       0x40 CMakeFiles/rp2040-freertos-template.dir/F_/pico/pico-sdk/lib/tinyusb/src/common/tusb_fifo.c.obj
 .text._ff_push_n
                0x100067e6      0x10c CMakeFiles/rp2040-freertos-template.dir/F_/pico/pico-sdk/lib/tinyusb/src/common/tusb_fifo.c.obj
 .text._tu_fifo_write_n
                0x100068f2       0xf0 CMakeFiles/rp2040-freertos-template.dir/F_/pico/pico-sdk/lib/tinyusb/src/common/tusb_fifo.c.obj
 .text.tu_fifo_config
                0x100069e2       0x7c CMakeFiles/rp2040-freertos-template.dir/F_/pico/pico-sdk/lib/tinyusb/src/common/tusb_fifo.c.obj
                0x100069e2                tu_fifo_config
 .text.tu_fifo_count
                0x10006a5e       0x2a CMakeFiles/rp2040-freertos-template.dir/F_/pico/pico-sdk/lib/tinyusb/src/common/tusb_fifo.c.obj
                0x10006a5e                tu_fifo_count
 .text.tu_fifo_empty
                0x10006a88       0x10 CMakeFiles/rp2040-freertos-template.dir/F_/pico/pico-sdk/lib/tinyusb/src/common/tusb_fifo.c.obj
                0x10006a88                tu_fifo_empty
 .text.tu_fifo_full
                0x10006a98       0x28 CMakeFiles/rp2040-freertos-template.dir/F_/pico/pico-sdk/lib/tinyusb/src/common/tusb_fifo.c.obj
                0x10006a98                tu_fifo_full
 .text.tu_fifo_remaining
                0x10006ac0       0x2c CMakeFiles/rp2040-freertos-template.dir/F_/pico/pico-sdk/lib/tinyusb/src/common/tusb_fifo.c.obj
                0x10006ac0                tu_fifo_remaining
 .text.tu_fifo_read
                0x10006aec       0x42 CMakeFiles/rp2040-freertos-template.dir/F_/pico/pico-sdk/lib/tinyusb/src/common/tusb_fifo.c.obj
                0x10006aec                tu_fifo_read
 .text.tu_fifo_read_n
                0x10006b2e        0xa CMakeFiles/rp2040-freertos-template.dir/F_/pico/pico-sdk/lib/tinyusb/src/common/tusb_fifo.c.obj
                0x10006b2e                tu_fifo_read_n
 .text.tu_fifo_write
                0x10006b38       0x64 CMakeFiles/rp2040-freertos-template.dir/F_/pico/pico-sdk/lib/tinyusb/src/common/tusb_fifo.c.obj
                0x10006b38                tu_fifo_write
 .text.tu_fifo_write_n
                0x10006b9c        0xa CMakeFiles/rp2040-freertos-template.dir/F_/pico/pico-sdk/lib/tinyusb/src/common/tusb_fifo.c.obj
                0x10006b9c                tu_fifo_write_n
 .text.tu_fifo_clear
                0x10006ba6       0x3e CMakeFiles/rp2040-freertos-template.dir/F_/pico/pico-sdk/lib/tinyusb/src/common/tusb_fifo.c.obj
                0x10006ba6                tu_fifo_clear
 .text.tu_fifo_set_overwritable
                0x10006be4       0x46 CMakeFiles/rp2040-freertos-template.dir/F_/pico/pico-sdk/lib/tinyusb/src/common/tusb_fifo.c.obj
                0x10006be4                tu_fifo_set_overwritable
 *fill*         0x10006c2a        0x2 
 .text.prvHeapInit
                0x10006c2c       0x58 CMakeFiles/rp2040-freertos-template.dir/__/lib/FreeRTOS-Kernel/portable/MemMang/heap_4.c.obj
 .text.prvInsertBlockIntoFreeList
                0x10006c84       0x88 CMakeFiles/rp2040-freertos-template.dir/__/lib/FreeRTOS-Kernel/portable/MemMang/heap_4.c.obj
 .text.pvPortMalloc
                0x10006d0c      0x188 CMakeFiles/rp2040-freertos-template.dir/__/lib/FreeRTOS-Kernel/portable/MemMang/heap_4.c.obj
                0x10006d0c                pvPortMalloc
 .text.vPortFree
                0x10006e94       0xa8 CMakeFiles/rp2040-freertos-template.dir/__/lib/FreeRTOS-Kernel/portable/MemMang/heap_4.c.obj
                0x10006e94                vPortFree
 .text.vPortSVCHandler
                0x10006f3c        0x2 CMakeFiles/rp2040-freertos-template.dir/__/lib/FreeRTOS-Kernel/portable/ThirdParty/GCC/RP2040/port.c.obj
                0x10006f3c                vPortSVCHandler
 *fill*         0x10006f3e        0x2 
 .text.vPortStartFirstTask
                0x10006f40       0x34 CMakeFiles/rp2040-freertos-template.dir/__/lib/FreeRTOS-Kernel/portable/ThirdParty/GCC/RP2040/port.c.obj
 *fill*         0x10006f74        0xc 
 .text.xPortPendSVHandler
                0x10006f80       0x64 CMakeFiles/rp2040-freertos-template.dir/__/lib/FreeRTOS-Kernel/portable/ThirdParty/GCC/RP2040/port.c.obj
                0x10006f80                xPortPendSVHandler
 .text.prvTaskExitError
                0x10006fe4        0x6 CMakeFiles/rp2040-freertos-template.dir/__/lib/FreeRTOS-Kernel/portable/ThirdParty/GCC/RP2040/port.c.obj
 *fill*         0x10006fea        0x2 
 .text.prvFIFOInterruptHandler
                0x10006fec       0x78 CMakeFiles/rp2040-freertos-template.dir/__/lib/FreeRTOS-Kernel/portable/ThirdParty/GCC/RP2040/port.c.obj
 .text.prvGetTicksToWaitBefore
                0x10007064       0x58 CMakeFiles/rp2040-freertos-template.dir/__/lib/FreeRTOS-Kernel/portable/ThirdParty/GCC/RP2040/port.c.obj
 .text.pxPortInitialiseStack
                0x100070bc       0x20 CMakeFiles/rp2040-freertos-template.dir/__/lib/FreeRTOS-Kernel/portable/ThirdParty/GCC/RP2040/port.c.obj
                0x100070bc                pxPortInitialiseStack
 .text.vPortYield
                0x100070dc       0x40 CMakeFiles/rp2040-freertos-template.dir/__/lib/FreeRTOS-Kernel/portable/ThirdParty/GCC/RP2040/port.c.obj
                0x100070dc                vPortYield
 .text.vPortEnterCritical
                0x1000711c       0x18 CMakeFiles/rp2040-freertos-template.dir/__/lib/FreeRTOS-Kernel/portable/ThirdParty/GCC/RP2040/port.c.obj
                0x1000711c                vPortEnterCritical
 .text.vPortEnableInterrupts
                0x10007134       0x28 CMakeFiles/rp2040-freertos-template.dir/__/lib/FreeRTOS-Kernel/portable/ThirdParty/GCC/RP2040/port.c.obj
                0x10007134                vPortEnableInterrupts
 .text.vPortExitCritical
                0x1000715c       0x3c CMakeFiles/rp2040-freertos-template.dir/__/lib/FreeRTOS-Kernel/portable/ThirdParty/GCC/RP2040/port.c.obj
                0x1000715c                vPortExitCritical
 .text.ulSetInterruptMaskFromISR
                0x10007198        0x8 CMakeFiles/rp2040-freertos-template.dir/__/lib/FreeRTOS-Kernel/portable/ThirdParty/GCC/RP2040/port.c.obj
                0x10007198                ulSetInterruptMaskFromISR
 .text.vClearInterruptMaskFromISR
                0x100071a0        0x6 CMakeFiles/rp2040-freertos-template.dir/__/lib/FreeRTOS-Kernel/portable/ThirdParty/GCC/RP2040/port.c.obj
                0x100071a0                vClearInterruptMaskFromISR
 *fill*         0x100071a6        0x2 
 .text.xPortSysTickHandler
                0x100071a8       0x24 CMakeFiles/rp2040-freertos-template.dir/__/lib/FreeRTOS-Kernel/portable/ThirdParty/GCC/RP2040/port.c.obj
                0x100071a8                xPortSysTickHandler
 .text.vPortSetupTimerInterrupt
                0x100071cc       0x34 CMakeFiles/rp2040-freertos-template.dir/__/lib/FreeRTOS-Kernel/portable/ThirdParty/GCC/RP2040/port.c.obj
                0x100071cc                vPortSetupTimerInterrupt
 .text.xPortStartScheduler
                0x10007200       0xa8 CMakeFiles/rp2040-freertos-template.dir/__/lib/FreeRTOS-Kernel/portable/ThirdParty/GCC/RP2040/port.c.obj
                0x10007200                xPortStartScheduler
 .text.ulPortLockGetCurrentOwnerId
                0x100072a8       0x2c CMakeFiles/rp2040-freertos-template.dir/__/lib/FreeRTOS-Kernel/portable/ThirdParty/GCC/RP2040/port.c.obj
                0x100072a8                ulPortLockGetCurrentOwnerId
 .text.vPortLockInternalSpinUnlockWithWait
                0x100072d4       0xc8 CMakeFiles/rp2040-freertos-template.dir/__/lib/FreeRTOS-Kernel/portable/ThirdParty/GCC/RP2040/port.c.obj
                0x100072d4                vPortLockInternalSpinUnlockWithWait
 .text.vPortLockInternalSpinUnlockWithNotify
                0x1000739c       0xd0 CMakeFiles/rp2040-freertos-template.dir/__/lib/FreeRTOS-Kernel/portable/ThirdParty/GCC/RP2040/port.c.obj
                0x1000739c                vPortLockInternalSpinUnlockWithNotify
 .text.xPortLockInternalSpinUnlockWithBestEffortWaitOrTimeout
                0x1000746c      0x120 CMakeFiles/rp2040-freertos-template.dir/__/lib/FreeRTOS-Kernel/portable/ThirdParty/GCC/RP2040/port.c.obj
                0x1000746c                xPortLockInternalSpinUnlockWithBestEffortWaitOrTimeout
 .text.prvRuntimeInitializer
                0x1000758c       0x28 CMakeFiles/rp2040-freertos-template.dir/__/lib/FreeRTOS-Kernel/portable/ThirdParty/GCC/RP2040/port.c.obj
 .text.prvTestWaitCondition
                0x100075b4       0x1e CMakeFiles/rp2040-freertos-template.dir/__/lib/FreeRTOS-Kernel/event_groups.c.obj
 .text.xEventGroupCreate
                0x100075d2       0x18 CMakeFiles/rp2040-freertos-template.dir/__/lib/FreeRTOS-Kernel/event_groups.c.obj
                0x100075d2                xEventGroupCreate
 *fill*         0x100075ea        0x2 
 .text.xEventGroupWaitBits
                0x100075ec      0x124 CMakeFiles/rp2040-freertos-template.dir/__/lib/FreeRTOS-Kernel/event_groups.c.obj
                0x100075ec                xEventGroupWaitBits
 .text.xEventGroupSetBits
                0x10007710       0x98 CMakeFiles/rp2040-freertos-template.dir/__/lib/FreeRTOS-Kernel/event_groups.c.obj
                0x10007710                xEventGroupSetBits
 .text.vEventGroupSetBitsCallback
                0x100077a8        0x8 CMakeFiles/rp2040-freertos-template.dir/__/lib/FreeRTOS-Kernel/event_groups.c.obj
                0x100077a8                vEventGroupSetBitsCallback
 .text.xEventGroupSetBitsFromISR
                0x100077b0       0x14 CMakeFiles/rp2040-freertos-template.dir/__/lib/FreeRTOS-Kernel/event_groups.c.obj
                0x100077b0                xEventGroupSetBitsFromISR
 .text.vListInitialise
                0x100077c4       0x16 CMakeFiles/rp2040-freertos-template.dir/__/lib/FreeRTOS-Kernel/list.c.obj
                0x100077c4                vListInitialise
 .text.vListInitialiseItem
                0x100077da        0x6 CMakeFiles/rp2040-freertos-template.dir/__/lib/FreeRTOS-Kernel/list.c.obj
                0x100077da                vListInitialiseItem
 .text.vListInsert
                0x100077e0       0x2e CMakeFiles/rp2040-freertos-template.dir/__/lib/FreeRTOS-Kernel/list.c.obj
                0x100077e0                vListInsert
 .text.uxListRemove
                0x1000780e       0x26 CMakeFiles/rp2040-freertos-template.dir/__/lib/FreeRTOS-Kernel/list.c.obj
                0x1000780e                uxListRemove
 .text.prvIsQueueFull
                0x10007834       0x1e CMakeFiles/rp2040-freertos-template.dir/__/lib/FreeRTOS-Kernel/queue.c.obj
 .text.prvIsQueueEmpty
                0x10007852       0x1c CMakeFiles/rp2040-freertos-template.dir/__/lib/FreeRTOS-Kernel/queue.c.obj
 .text.prvCopyDataToQueue
                0x1000786e       0x82 CMakeFiles/rp2040-freertos-template.dir/__/lib/FreeRTOS-Kernel/queue.c.obj
 .text.prvCopyDataFromQueue
                0x100078f0       0x24 CMakeFiles/rp2040-freertos-template.dir/__/lib/FreeRTOS-Kernel/queue.c.obj
 .text.prvNotifyQueueSetContainer
                0x10007914       0xa8 CMakeFiles/rp2040-freertos-template.dir/__/lib/FreeRTOS-Kernel/queue.c.obj
 .text.prvUnlockQueue
                0x100079bc       0x88 CMakeFiles/rp2040-freertos-template.dir/__/lib/FreeRTOS-Kernel/queue.c.obj
 .text.xQueueGenericReset
                0x10007a44       0xd8 CMakeFiles/rp2040-freertos-template.dir/__/lib/FreeRTOS-Kernel/queue.c.obj
                0x10007a44                xQueueGenericReset
 .text.prvInitialiseNewQueue
                0x10007b1c       0x26 CMakeFiles/rp2040-freertos-template.dir/__/lib/FreeRTOS-Kernel/queue.c.obj
 *fill*         0x10007b42        0x2 
 .text.xQueueGenericCreate
                0x10007b44       0x90 CMakeFiles/rp2040-freertos-template.dir/__/lib/FreeRTOS-Kernel/queue.c.obj
                0x10007b44                xQueueGenericCreate
 .text.xQueueGenericSend
                0x10007bd4      0x190 CMakeFiles/rp2040-freertos-template.dir/__/lib/FreeRTOS-Kernel/queue.c.obj
                0x10007bd4                xQueueGenericSend
 .text.xQueueGenericSendFromISR
                0x10007d64      0x13c CMakeFiles/rp2040-freertos-template.dir/__/lib/FreeRTOS-Kernel/queue.c.obj
                0x10007d64                xQueueGenericSendFromISR
 .text.xQueueReceive
                0x10007ea0      0x14c CMakeFiles/rp2040-freertos-template.dir/__/lib/FreeRTOS-Kernel/queue.c.obj
                0x10007ea0                xQueueReceive
 .text.vQueueAddToRegistry
                0x10007fec       0x64 CMakeFiles/rp2040-freertos-template.dir/__/lib/FreeRTOS-Kernel/queue.c.obj
                0x10007fec                vQueueAddToRegistry
 .text.vQueueWaitForMessageRestricted
                0x10008050       0x50 CMakeFiles/rp2040-freertos-template.dir/__/lib/FreeRTOS-Kernel/queue.c.obj
                0x10008050                vQueueWaitForMessageRestricted
 .text.prvResetNextTaskUnblockTime
                0x100080a0       0x2c CMakeFiles/rp2040-freertos-template.dir/__/lib/FreeRTOS-Kernel/tasks.c.obj
 .text.prvDeleteTCB
                0x100080cc       0x12 CMakeFiles/rp2040-freertos-template.dir/__/lib/FreeRTOS-Kernel/tasks.c.obj
 *fill*         0x100080de        0x2 
 .text.prvInitialiseNewTask
                0x100080e0       0xb4 CMakeFiles/rp2040-freertos-template.dir/__/lib/FreeRTOS-Kernel/tasks.c.obj
 .text.prvInitialiseTaskLists
                0x10008194       0x68 CMakeFiles/rp2040-freertos-template.dir/__/lib/FreeRTOS-Kernel/tasks.c.obj
 .text.prvAddNewTaskToReadyList
                0x100081fc       0xc4 CMakeFiles/rp2040-freertos-template.dir/__/lib/FreeRTOS-Kernel/tasks.c.obj
 .text.prvCheckTasksWaitingTermination
                0x100082c0       0x44 CMakeFiles/rp2040-freertos-template.dir/__/lib/FreeRTOS-Kernel/tasks.c.obj
 .text.prvIdleTask
                0x10008304       0x18 CMakeFiles/rp2040-freertos-template.dir/__/lib/FreeRTOS-Kernel/tasks.c.obj
 .text.prvAddCurrentTaskToDelayedList
                0x1000831c       0x9c CMakeFiles/rp2040-freertos-template.dir/__/lib/FreeRTOS-Kernel/tasks.c.obj
 .text.xTaskCreate
                0x100083b8       0x68 CMakeFiles/rp2040-freertos-template.dir/__/lib/FreeRTOS-Kernel/tasks.c.obj
                0x100083b8                xTaskCreate
 .text.prvCreateIdleTasks
                0x10008420       0x28 CMakeFiles/rp2040-freertos-template.dir/__/lib/FreeRTOS-Kernel/tasks.c.obj
 .text.vTaskStartScheduler
                0x10008448       0x68 CMakeFiles/rp2040-freertos-template.dir/__/lib/FreeRTOS-Kernel/tasks.c.obj
                0x10008448                vTaskStartScheduler
 .text.vTaskSuspendAll
                0x100084b0       0x10 CMakeFiles/rp2040-freertos-template.dir/__/lib/FreeRTOS-Kernel/tasks.c.obj
                0x100084b0                vTaskSuspendAll
 .text.xTaskGetTickCount
                0x100084c0        0xc CMakeFiles/rp2040-freertos-template.dir/__/lib/FreeRTOS-Kernel/tasks.c.obj
                0x100084c0                xTaskGetTickCount
 .text.uxTaskGetNumberOfTasks
                0x100084cc        0xc CMakeFiles/rp2040-freertos-template.dir/__/lib/FreeRTOS-Kernel/tasks.c.obj
                0x100084cc                uxTaskGetNumberOfTasks
 .text.xTaskIncrementTick
                0x100084d8      0x17c CMakeFiles/rp2040-freertos-template.dir/__/lib/FreeRTOS-Kernel/tasks.c.obj
                0x100084d8                xTaskIncrementTick
 .text.xTaskResumeAll
                0x10008654      0x158 CMakeFiles/rp2040-freertos-template.dir/__/lib/FreeRTOS-Kernel/tasks.c.obj
                0x10008654                xTaskResumeAll
 .text.vTaskDelay
                0x100087ac       0x48 CMakeFiles/rp2040-freertos-template.dir/__/lib/FreeRTOS-Kernel/tasks.c.obj
                0x100087ac                vTaskDelay
 .text.vTaskSwitchContext
                0x100087f4       0xa4 CMakeFiles/rp2040-freertos-template.dir/__/lib/FreeRTOS-Kernel/tasks.c.obj
                0x100087f4                vTaskSwitchContext
 .text.vTaskPlaceOnEventList
                0x10008898       0x3c CMakeFiles/rp2040-freertos-template.dir/__/lib/FreeRTOS-Kernel/tasks.c.obj
                0x10008898                vTaskPlaceOnEventList
 .text.vTaskPlaceOnUnorderedEventList
                0x100088d4       0x80 CMakeFiles/rp2040-freertos-template.dir/__/lib/FreeRTOS-Kernel/tasks.c.obj
                0x100088d4                vTaskPlaceOnUnorderedEventList
 .text.vTaskPlaceOnEventListRestricted
                0x10008954       0x60 CMakeFiles/rp2040-freertos-template.dir/__/lib/FreeRTOS-Kernel/tasks.c.obj
                0x10008954                vTaskPlaceOnEventListRestricted
 .text.xTaskRemoveFromEventList
                0x100089b4      0x100 CMakeFiles/rp2040-freertos-template.dir/__/lib/FreeRTOS-Kernel/tasks.c.obj
                0x100089b4                xTaskRemoveFromEventList
 .text.vTaskRemoveFromUnorderedEventList
                0x10008ab4       0xf8 CMakeFiles/rp2040-freertos-template.dir/__/lib/FreeRTOS-Kernel/tasks.c.obj
                0x10008ab4                vTaskRemoveFromUnorderedEventList
 .text.vTaskInternalSetTimeOutState
                0x10008bac       0x18 CMakeFiles/rp2040-freertos-template.dir/__/lib/FreeRTOS-Kernel/tasks.c.obj
                0x10008bac                vTaskInternalSetTimeOutState
 .text.xTaskCheckForTimeOut
                0x10008bc4       0xb0 CMakeFiles/rp2040-freertos-template.dir/__/lib/FreeRTOS-Kernel/tasks.c.obj
                0x10008bc4                xTaskCheckForTimeOut
 .text.vTaskMissedYield
                0x10008c74        0xc CMakeFiles/rp2040-freertos-template.dir/__/lib/FreeRTOS-Kernel/tasks.c.obj
                0x10008c74                vTaskMissedYield
 .text.xTaskGetCurrentTaskHandle
                0x10008c80        0xc CMakeFiles/rp2040-freertos-template.dir/__/lib/FreeRTOS-Kernel/tasks.c.obj
                0x10008c80                xTaskGetCurrentTaskHandle
 .text.xTaskGetSchedulerState
                0x10008c8c       0x24 CMakeFiles/rp2040-freertos-template.dir/__/lib/FreeRTOS-Kernel/tasks.c.obj
                0x10008c8c                xTaskGetSchedulerState
 .text.xTaskPriorityDisinherit
                0x10008cb0       0xc0 CMakeFiles/rp2040-freertos-template.dir/__/lib/FreeRTOS-Kernel/tasks.c.obj
                0x10008cb0                xTaskPriorityDisinherit
 .text.uxTaskResetEventItemValue
                0x10008d70       0x18 CMakeFiles/rp2040-freertos-template.dir/__/lib/FreeRTOS-Kernel/tasks.c.obj
                0x10008d70                uxTaskResetEventItemValue
 .text.prvGetNextExpireTime
                0x10008d88       0x24 CMakeFiles/rp2040-freertos-template.dir/__/lib/FreeRTOS-Kernel/timers.c.obj
 .text.prvInsertTimerInActiveList
                0x10008dac       0x48 CMakeFiles/rp2040-freertos-template.dir/__/lib/FreeRTOS-Kernel/timers.c.obj
 .text.prvReloadTimer
                0x10008df4       0x2a CMakeFiles/rp2040-freertos-template.dir/__/lib/FreeRTOS-Kernel/timers.c.obj
 *fill*         0x10008e1e        0x2 
 .text.prvProcessExpiredTimer
                0x10008e20       0x3c CMakeFiles/rp2040-freertos-template.dir/__/lib/FreeRTOS-Kernel/timers.c.obj
 .text.prvSwitchTimerLists
                0x10008e5c       0x30 CMakeFiles/rp2040-freertos-template.dir/__/lib/FreeRTOS-Kernel/timers.c.obj
 .text.prvSampleTimeNow
                0x10008e8c       0x2c CMakeFiles/rp2040-freertos-template.dir/__/lib/FreeRTOS-Kernel/timers.c.obj
 .text.prvProcessTimerOrBlockTask
                0x10008eb8       0x70 CMakeFiles/rp2040-freertos-template.dir/__/lib/FreeRTOS-Kernel/timers.c.obj
 .text.prvProcessReceivedCommands
                0x10008f28      0x108 CMakeFiles/rp2040-freertos-template.dir/__/lib/FreeRTOS-Kernel/timers.c.obj
 .text.prvTimerTask
                0x10009030       0x16 CMakeFiles/rp2040-freertos-template.dir/__/lib/FreeRTOS-Kernel/timers.c.obj
 *fill*         0x10009046        0x2 
 .text.prvCheckForValidListAndQueue
                0x10009048       0x60 CMakeFiles/rp2040-freertos-template.dir/__/lib/FreeRTOS-Kernel/timers.c.obj
 .text.xTimerCreateTimerTask
                0x100090a8       0x58 CMakeFiles/rp2040-freertos-template.dir/__/lib/FreeRTOS-Kernel/timers.c.obj
                0x100090a8                xTimerCreateTimerTask
 .text.xTimerPendFunctionCallFromISR
                0x10009100       0x28 CMakeFiles/rp2040-freertos-template.dir/__/lib/FreeRTOS-Kernel/timers.c.obj
                0x10009100                xTimerPendFunctionCallFromISR
 .text.exception_is_compile_time_default
                0x10009128       0x20 CMakeFiles/rp2040-freertos-template.dir/F_/pico/pico-sdk/src/rp2_common/hardware_exception/exception.c.obj
 .text.set_raw_exception_handler_and_restore_interrupts
                0x10009148       0x18 CMakeFiles/rp2040-freertos-template.dir/F_/pico/pico-sdk/src/rp2_common/hardware_exception/exception.c.obj
 .text.exception_get_vtable_handler
                0x10009160       0x10 CMakeFiles/rp2040-freertos-template.dir/F_/pico/pico-sdk/src/rp2_common/hardware_exception/exception.c.obj
                0x10009160                exception_get_vtable_handler
 .text.exception_set_exclusive_handler
                0x10009170       0x44 CMakeFiles/rp2040-freertos-template.dir/F_/pico/pico-sdk/src/rp2_common/hardware_exception/exception.c.obj
                0x10009170                exception_set_exclusive_handler
 .text.cyw43_arch_set_async_context
                0x100091b4        0xc CMakeFiles/rp2040-freertos-template.dir/F_/pico/pico-sdk/src/rp2_common/pico_cyw43_arch/cyw43_arch.c.obj
                0x100091b4                cyw43_arch_set_async_context
 .text.cyw43_arch_gpio_put
                0x100091c0       0x14 CMakeFiles/rp2040-freertos-template.dir/F_/pico/pico-sdk/src/rp2_common/pico_cyw43_arch/cyw43_arch.c.obj
                0x100091c0                cyw43_arch_gpio_put
 .text.cyw43_arch_async_context
                0x100091d4        0xc CMakeFiles/rp2040-freertos-template.dir/F_/pico/pico-sdk/src/rp2_common/pico_cyw43_arch/cyw43_arch.c.obj
                0x100091d4                cyw43_arch_async_context
 .text.cyw43_arch_init_default_async_context
                0x100091e0       0x20 CMakeFiles/rp2040-freertos-template.dir/F_/pico/pico-sdk/src/rp2_common/pico_cyw43_arch/cyw43_arch_threadsafe_background.c.obj
                0x100091e0                cyw43_arch_init_default_async_context
 .text.cyw43_arch_deinit
                0x10009200       0x28 CMakeFiles/rp2040-freertos-template.dir/F_/pico/pico-sdk/src/rp2_common/pico_cyw43_arch/cyw43_arch_threadsafe_background.c.obj
                0x10009200                cyw43_arch_deinit
 .text.cyw43_arch_init
                0x10009228       0x36 CMakeFiles/rp2040-freertos-template.dir/F_/pico/pico-sdk/src/rp2_common/pico_cyw43_arch/cyw43_arch_threadsafe_background.c.obj
                0x10009228                cyw43_arch_init
 .text.cs_set   0x1000925e       0x1c CMakeFiles/rp2040-freertos-template.dir/F_/pico/pico-sdk/src/rp2_common/pico_cyw43_driver/cyw43_bus_pio_spi.c.obj
 *fill*         0x1000927a        0x2 
 .text.start_spi_comms
                0x1000927c       0x2c CMakeFiles/rp2040-freertos-template.dir/F_/pico/pico-sdk/src/rp2_common/pico_cyw43_driver/cyw43_bus_pio_spi.c.obj
 .text.ns_delay
                0x100092a8       0x20 CMakeFiles/rp2040-freertos-template.dir/F_/pico/pico-sdk/src/rp2_common/pico_cyw43_driver/cyw43_bus_pio_spi.c.obj
 .text.stop_spi_comms
                0x100092c8       0x10 CMakeFiles/rp2040-freertos-template.dir/F_/pico/pico-sdk/src/rp2_common/pico_cyw43_driver/cyw43_bus_pio_spi.c.obj
 .text.cyw43_spi_deinit
                0x100092d8       0x74 CMakeFiles/rp2040-freertos-template.dir/F_/pico/pico-sdk/src/rp2_common/pico_cyw43_driver/cyw43_bus_pio_spi.c.obj
                0x100092d8                cyw43_spi_deinit
 .text.cyw43_spi_init
                0x1000934c      0x284 CMakeFiles/rp2040-freertos-template.dir/F_/pico/pico-sdk/src/rp2_common/pico_cyw43_driver/cyw43_bus_pio_spi.c.obj
                0x1000934c                cyw43_spi_init
 .text.cyw43_spi_transfer
                0x100095d0      0x694 CMakeFiles/rp2040-freertos-template.dir/F_/pico/pico-sdk/src/rp2_common/pico_cyw43_driver/cyw43_bus_pio_spi.c.obj
                0x100095d0                cyw43_spi_transfer
 .text.cyw43_spi_gpio_setup
                0x10009c64       0x3a CMakeFiles/rp2040-freertos-template.dir/F_/pico/pico-sdk/src/rp2_common/pico_cyw43_driver/cyw43_bus_pio_spi.c.obj
                0x10009c64                cyw43_spi_gpio_setup
 .text.cyw43_spi_reset
                0x10009c9e       0x28 CMakeFiles/rp2040-freertos-template.dir/F_/pico/pico-sdk/src/rp2_common/pico_cyw43_driver/cyw43_bus_pio_spi.c.obj
                0x10009c9e                cyw43_spi_reset
 *fill*         0x10009cc6        0x2 
 .text.read_reg_u32_swap
                0x10009cc8       0x68 CMakeFiles/rp2040-freertos-template.dir/F_/pico/pico-sdk/src/rp2_common/pico_cyw43_driver/cyw43_bus_pio_spi.c.obj
                0x10009cc8                read_reg_u32_swap
 .text.cyw43_read_reg_u32
                0x10009d30       0x54 CMakeFiles/rp2040-freertos-template.dir/F_/pico/pico-sdk/src/rp2_common/pico_cyw43_driver/cyw43_bus_pio_spi.c.obj
                0x10009d30                cyw43_read_reg_u32
 .text.cyw43_read_reg_u16
                0x10009d84       0x54 CMakeFiles/rp2040-freertos-template.dir/F_/pico/pico-sdk/src/rp2_common/pico_cyw43_driver/cyw43_bus_pio_spi.c.obj
                0x10009d84                cyw43_read_reg_u16
 .text.cyw43_read_reg_u8
                0x10009dd8       0x54 CMakeFiles/rp2040-freertos-template.dir/F_/pico/pico-sdk/src/rp2_common/pico_cyw43_driver/cyw43_bus_pio_spi.c.obj
                0x10009dd8                cyw43_read_reg_u8
 .text.write_reg_u32_swap
                0x10009e2c       0x34 CMakeFiles/rp2040-freertos-template.dir/F_/pico/pico-sdk/src/rp2_common/pico_cyw43_driver/cyw43_bus_pio_spi.c.obj
                0x10009e2c                write_reg_u32_swap
 .text.cyw43_write_reg_u32
                0x10009e60       0x58 CMakeFiles/rp2040-freertos-template.dir/F_/pico/pico-sdk/src/rp2_common/pico_cyw43_driver/cyw43_bus_pio_spi.c.obj
                0x10009e60                cyw43_write_reg_u32
 .text.cyw43_write_reg_u16
                0x10009eb8       0x58 CMakeFiles/rp2040-freertos-template.dir/F_/pico/pico-sdk/src/rp2_common/pico_cyw43_driver/cyw43_bus_pio_spi.c.obj
                0x10009eb8                cyw43_write_reg_u16
 .text.cyw43_write_reg_u8
                0x10009f10       0x58 CMakeFiles/rp2040-freertos-template.dir/F_/pico/pico-sdk/src/rp2_common/pico_cyw43_driver/cyw43_bus_pio_spi.c.obj
                0x10009f10                cyw43_write_reg_u8
 .text.cyw43_read_bytes
                0x10009f68      0x104 CMakeFiles/rp2040-freertos-template.dir/F_/pico/pico-sdk/src/rp2_common/pico_cyw43_driver/cyw43_bus_pio_spi.c.obj
                0x10009f68                cyw43_read_bytes
 .text.cyw43_write_bytes
                0x1000a06c      0x128 CMakeFiles/rp2040-freertos-template.dir/F_/pico/pico-sdk/src/rp2_common/pico_cyw43_driver/cyw43_bus_pio_spi.c.obj
                0x1000a06c                cyw43_write_bytes
 .text.get_core_address
                0x1000a194       0x1c CMakeFiles/rp2040-freertos-template.dir/F_/pico/pico-sdk/lib/cyw43-driver/src/cyw43_ll.c.obj
 .text.sdpcm_process_rx_packet
                0x1000a1b0      0x180 CMakeFiles/rp2040-freertos-template.dir/F_/pico/pico-sdk/lib/cyw43-driver/src/cyw43_ll.c.obj
 .text.cyw43_ll_wifi_parse_scan_result
                0x1000a330       0x9c CMakeFiles/rp2040-freertos-template.dir/F_/pico/pico-sdk/lib/cyw43-driver/src/cyw43_ll.c.obj
 .text.cyw43_ll_parse_async_event
                0x1000a3cc       0x8e CMakeFiles/rp2040-freertos-template.dir/F_/pico/pico-sdk/lib/cyw43-driver/src/cyw43_ll.c.obj
 *fill*         0x1000a45a        0x2 
 .text.cyw43_kso_set
                0x1000a45c       0x98 CMakeFiles/rp2040-freertos-template.dir/F_/pico/pico-sdk/lib/cyw43-driver/src/cyw43_ll.c.obj
 .text.cyw43_ll_bus_sleep_helper
                0x1000a4f4        0xe CMakeFiles/rp2040-freertos-template.dir/F_/pico/pico-sdk/lib/cyw43-driver/src/cyw43_ll.c.obj
 *fill*         0x1000a502        0x2 
 .text.cyw43_read_reg
                0x1000a504       0x48 CMakeFiles/rp2040-freertos-template.dir/F_/pico/pico-sdk/lib/cyw43-driver/src/cyw43_ll.c.obj
 .text.cyw43_write_reg
                0x1000a54c       0x4c CMakeFiles/rp2040-freertos-template.dir/F_/pico/pico-sdk/lib/cyw43-driver/src/cyw43_ll.c.obj
 .text.cyw43_set_backplane_window
                0x1000a598       0x74 CMakeFiles/rp2040-freertos-template.dir/F_/pico/pico-sdk/lib/cyw43-driver/src/cyw43_ll.c.obj
 .text.cyw43_read_backplane
                0x1000a60c       0x30 CMakeFiles/rp2040-freertos-template.dir/F_/pico/pico-sdk/lib/cyw43-driver/src/cyw43_ll.c.obj
 .text.disable_device_core
                0x1000a63c       0x3c CMakeFiles/rp2040-freertos-template.dir/F_/pico/pico-sdk/lib/cyw43-driver/src/cyw43_ll.c.obj
 .text.device_core_is_up
                0x1000a678       0x4c CMakeFiles/rp2040-freertos-template.dir/F_/pico/pico-sdk/lib/cyw43-driver/src/cyw43_ll.c.obj
 .text.cyw43_write_backplane
                0x1000a6c4       0x34 CMakeFiles/rp2040-freertos-template.dir/F_/pico/pico-sdk/lib/cyw43-driver/src/cyw43_ll.c.obj
 .text.reset_device_core
                0x1000a6f8       0x74 CMakeFiles/rp2040-freertos-template.dir/F_/pico/pico-sdk/lib/cyw43-driver/src/cyw43_ll.c.obj
 .text.cyw43_download_resource
                0x1000a76c      0x17c CMakeFiles/rp2040-freertos-template.dir/F_/pico/pico-sdk/lib/cyw43-driver/src/cyw43_ll.c.obj
 .text.cyw43_ll_init
                0x1000a8e8       0x20 CMakeFiles/rp2040-freertos-template.dir/F_/pico/pico-sdk/lib/cyw43-driver/src/cyw43_ll.c.obj
                0x1000a8e8                cyw43_ll_init
 .text.cyw43_ll_deinit
                0x1000a908        0x8 CMakeFiles/rp2040-freertos-template.dir/F_/pico/pico-sdk/lib/cyw43-driver/src/cyw43_ll.c.obj
                0x1000a908                cyw43_ll_deinit
 .text.cyw43_ll_bus_sleep
                0x1000a910       0x34 CMakeFiles/rp2040-freertos-template.dir/F_/pico/pico-sdk/lib/cyw43-driver/src/cyw43_ll.c.obj
                0x1000a910                cyw43_ll_bus_sleep
 .text.cyw43_ll_sdpcm_poll_device
                0x1000a944      0x158 CMakeFiles/rp2040-freertos-template.dir/F_/pico/pico-sdk/lib/cyw43-driver/src/cyw43_ll.c.obj
 .text.cyw43_ll_process_packets
                0x1000aa9c       0x5c CMakeFiles/rp2040-freertos-template.dir/F_/pico/pico-sdk/lib/cyw43-driver/src/cyw43_ll.c.obj
                0x1000aa9c                cyw43_ll_process_packets
 .text.cyw43_sdpcm_send_common
                0x1000aaf8      0x104 CMakeFiles/rp2040-freertos-template.dir/F_/pico/pico-sdk/lib/cyw43-driver/src/cyw43_ll.c.obj
 .text.cyw43_send_ioctl
                0x1000abfc       0x56 CMakeFiles/rp2040-freertos-template.dir/F_/pico/pico-sdk/lib/cyw43-driver/src/cyw43_ll.c.obj
 *fill*         0x1000ac52        0x2 
 .text.cyw43_do_ioctl
                0x1000ac54       0xc0 CMakeFiles/rp2040-freertos-template.dir/F_/pico/pico-sdk/lib/cyw43-driver/src/cyw43_ll.c.obj
 .text.cyw43_ll_ioctl
                0x1000ad14       0x1e CMakeFiles/rp2040-freertos-template.dir/F_/pico/pico-sdk/lib/cyw43-driver/src/cyw43_ll.c.obj
                0x1000ad14                cyw43_ll_ioctl
 *fill*         0x1000ad32        0x2 
 .text.cyw43_clm_load
                0x1000ad34       0xdc CMakeFiles/rp2040-freertos-template.dir/F_/pico/pico-sdk/lib/cyw43-driver/src/cyw43_ll.c.obj
 .text.cyw43_write_iovar_u32
                0x1000ae10       0x60 CMakeFiles/rp2040-freertos-template.dir/F_/pico/pico-sdk/lib/cyw43-driver/src/cyw43_ll.c.obj
 .text.cyw43_write_iovar_n
                0x1000ae70       0x50 CMakeFiles/rp2040-freertos-template.dir/F_/pico/pico-sdk/lib/cyw43-driver/src/cyw43_ll.c.obj
 .text.cyw43_set_ioctl_u32
                0x1000aec0       0x30 CMakeFiles/rp2040-freertos-template.dir/F_/pico/pico-sdk/lib/cyw43-driver/src/cyw43_ll.c.obj
 .text.cyw43_write_iovar_u32_u32
                0x1000aef0       0x74 CMakeFiles/rp2040-freertos-template.dir/F_/pico/pico-sdk/lib/cyw43-driver/src/cyw43_ll.c.obj
 .text.cyw43_ll_wifi_get_mac
                0x1000af64       0x48 CMakeFiles/rp2040-freertos-template.dir/F_/pico/pico-sdk/lib/cyw43-driver/src/cyw43_ll.c.obj
                0x1000af64                cyw43_ll_wifi_get_mac
 .text.cyw43_ll_bus_init
                0x1000afac      0x360 CMakeFiles/rp2040-freertos-template.dir/F_/pico/pico-sdk/lib/cyw43-driver/src/cyw43_ll.c.obj
                0x1000afac                cyw43_ll_bus_init
 .text.cyw43_ll_wifi_set_wpa_auth
                0x1000b30c        0xe CMakeFiles/rp2040-freertos-template.dir/F_/pico/pico-sdk/lib/cyw43-driver/src/cyw43_ll.c.obj
                0x1000b30c                cyw43_ll_wifi_set_wpa_auth
 *fill*         0x1000b31a        0x2 
 .text.cyw43_ll_wifi_rejoin
                0x1000b31c       0x20 CMakeFiles/rp2040-freertos-template.dir/F_/pico/pico-sdk/lib/cyw43-driver/src/cyw43_ll.c.obj
                0x1000b31c                cyw43_ll_wifi_rejoin
 .text.cyw43_ll_gpio_set
                0x1000b33c       0x30 CMakeFiles/rp2040-freertos-template.dir/F_/pico/pico-sdk/lib/cyw43-driver/src/cyw43_ll.c.obj
                0x1000b33c                cyw43_ll_gpio_set
 .text.cyw43_ll_has_work
                0x1000b36c       0x12 CMakeFiles/rp2040-freertos-template.dir/F_/pico/pico-sdk/lib/cyw43-driver/src/cyw43_ll.c.obj
                0x1000b36c                cyw43_ll_has_work
 *fill*         0x1000b37e        0x2 
 .text.cyw43_poll_func
                0x1000b380       0xb0 CMakeFiles/rp2040-freertos-template.dir/F_/pico/pico-sdk/lib/cyw43-driver/src/cyw43_ctrl.c.obj
 .text.cyw43_dump_async_event
                0x1000b430       0x8c CMakeFiles/rp2040-freertos-template.dir/F_/pico/pico-sdk/lib/cyw43-driver/src/cyw43_ctrl.c.obj
 .text.cyw43_ensure_up
                0x1000b4bc       0xec CMakeFiles/rp2040-freertos-template.dir/F_/pico/pico-sdk/lib/cyw43-driver/src/cyw43_ctrl.c.obj
 .text.cyw43_init
                0x1000b5a8       0x8c CMakeFiles/rp2040-freertos-template.dir/F_/pico/pico-sdk/lib/cyw43-driver/src/cyw43_ctrl.c.obj
                0x1000b5a8                cyw43_init
 .text.cyw43_deinit
                0x1000b634       0x3c CMakeFiles/rp2040-freertos-template.dir/F_/pico/pico-sdk/lib/cyw43-driver/src/cyw43_ctrl.c.obj
                0x1000b634                cyw43_deinit
 .text.cyw43_cb_read_host_interrupt_pin
                0x1000b670        0xe CMakeFiles/rp2040-freertos-template.dir/F_/pico/pico-sdk/lib/cyw43-driver/src/cyw43_ctrl.c.obj
                0x1000b670                cyw43_cb_read_host_interrupt_pin
 *fill*         0x1000b67e        0x2 
 .text.cyw43_cb_ensure_awake
                0x1000b680        0xc CMakeFiles/rp2040-freertos-template.dir/F_/pico/pico-sdk/lib/cyw43-driver/src/cyw43_ctrl.c.obj
                0x1000b680                cyw43_cb_ensure_awake
 .text.cyw43_cb_process_async_event
                0x1000b68c      0x1b8 CMakeFiles/rp2040-freertos-template.dir/F_/pico/pico-sdk/lib/cyw43-driver/src/cyw43_ctrl.c.obj
                0x1000b68c                cyw43_cb_process_async_event
 .text.cyw43_gpio_set
                0x1000b844       0x30 CMakeFiles/rp2040-freertos-template.dir/F_/pico/pico-sdk/lib/cyw43-driver/src/cyw43_ctrl.c.obj
                0x1000b844                cyw43_gpio_set
 .text._pio_can_add_program_at_offset
                0x1000b874       0x3c CMakeFiles/rp2040-freertos-template.dir/F_/pico/pico-sdk/src/rp2_common/hardware_pio/pio.c.obj
 .text._pio_find_offset_for_program
                0x1000b8b0       0x7c CMakeFiles/rp2040-freertos-template.dir/F_/pico/pico-sdk/src/rp2_common/hardware_pio/pio.c.obj
 .text._pio_add_program_at_offset
                0x1000b92c       0x78 CMakeFiles/rp2040-freertos-template.dir/F_/pico/pico-sdk/src/rp2_common/hardware_pio/pio.c.obj
 .text.pio_sm_unclaim
                0x1000b9a4       0x20 CMakeFiles/rp2040-freertos-template.dir/F_/pico/pico-sdk/src/rp2_common/hardware_pio/pio.c.obj
                0x1000b9a4                pio_sm_unclaim
 .text.pio_claim_unused_sm
                0x1000b9c4       0x3c CMakeFiles/rp2040-freertos-template.dir/F_/pico/pico-sdk/src/rp2_common/hardware_pio/pio.c.obj
                0x1000b9c4                pio_claim_unused_sm
 .text.pio_can_add_program
                0x1000ba00       0x26 CMakeFiles/rp2040-freertos-template.dir/F_/pico/pico-sdk/src/rp2_common/hardware_pio/pio.c.obj
                0x1000ba00                pio_can_add_program
 *fill*         0x1000ba26        0x2 
 .text.pio_add_program
                0x1000ba28       0x38 CMakeFiles/rp2040-freertos-template.dir/F_/pico/pico-sdk/src/rp2_common/hardware_pio/pio.c.obj
                0x1000ba28                pio_add_program
 .text.pio_remove_program
                0x1000ba60       0x58 CMakeFiles/rp2040-freertos-template.dir/F_/pico/pico-sdk/src/rp2_common/hardware_pio/pio.c.obj
                0x1000ba60                pio_remove_program
 .text.pio_sm_set_pindirs_with_mask